actions/claim.ts(93,3): error TS2554: Expected 2 arguments, but got 1.
actions/claim.ts(94,3): error TS2554: Expected 2 arguments, but got 1.
actions/misc.ts(53,3): error TS2554: Expected 2 arguments, but got 1.
actions/misc.ts(54,3): error TS2554: Expected 2 arguments, but got 1.
actions/misc.ts(68,3): error TS2554: Expected 2 arguments, but got 1.
app/admin/alternatives/_components/alternative-generate-content.tsx(35,38): error TS2339: Property 'description' does not exist on type '{}'.
app/admin/blog/_components/blog-table.tsx(77,27): error TS2322: Type '"lucide/external-link"' is not assignable to type '"lucide/arrow-down" | "lucide/arrow-left" | "lucide/arrow-right" | "lucide/arrow-up-right" | "lucide/arrow-up" | "lucide/at-sign" | "lucide/badge-check" | "lucide/ban" | ... 69 more ... | "verified-badge"'.
app/admin/integrations/_components/integrations-table.tsx(58,7): error TS2322: Type 'ExtendedSortingState<{ id: string; name: string; slug: string; description: string | null; faviconUrl: string | null; createdAt: Date; updatedAt: Date; type: IntegrationType; website: string | null; }>' is not assignable to type 'SortingState & ExtendedSortingState<IntegrationRow>'.
  Type 'ExtendedColumnSort<{ id: string; name: string; slug: string; description: string | null; faviconUrl: string | null; createdAt: Date; updatedAt: Date; type: IntegrationType; website: string | null; }>[]' is not assignable to type 'ExtendedSortingState<IntegrationRow>'.
    Type 'ExtendedColumnSort<{ id: string; name: string; slug: string; description: string | null; faviconUrl: string | null; createdAt: Date; updatedAt: Date; type: IntegrationType; website: string | null; }>' is not assignable to type 'ExtendedColumnSort<IntegrationRow>'.
      Type 'ExtendedColumnSort<{ id: string; name: string; slug: string; description: string | null; faviconUrl: string | null; createdAt: Date; updatedAt: Date; type: IntegrationType; website: string | null; }>' is not assignable to type '{ id: "id" | "name" | "slug" | "faviconUrl" | "createdAt" | "_count" | "type" | "website"; }'.
        Types of property 'id' are incompatible.
          Type '"id" | "name" | "slug" | "description" | "faviconUrl" | "createdAt" | "updatedAt" | "type" | "website"' is not assignable to type '"id" | "name" | "slug" | "faviconUrl" | "createdAt" | "_count" | "type" | "website"'.
            Type '"description"' is not assignable to type '"id" | "name" | "slug" | "faviconUrl" | "createdAt" | "_count" | "type" | "website"'.
app/admin/integrations/_components/integrations-table.tsx(78,44): error TS2719: Type 'import("C:/Users/Mrityunjay Saini/OneDrive/Desktop/Antigravity Projects/openalternative/node_modules/@tanstack/table-core/build/lib/types").Table<IntegrationRow>' is not assignable to type 'import("C:/Users/Mrityunjay Saini/OneDrive/Desktop/Antigravity Projects/openalternative/node_modules/@tanstack/table-core/build/lib/types").Table<IntegrationRow>'. Two different types with this name exist, but they are unrelated.
  The types returned by '_getAllFlatColumnsById()' are incompatible between these types.
    Type 'Record<string, import("C:/Users/Mrityunjay Saini/OneDrive/Desktop/Antigravity Projects/openalternative/node_modules/@tanstack/table-core/build/lib/types").Column<IntegrationRow, unknown>>' is not assignable to type 'Record<string, import("C:/Users/Mrityunjay Saini/OneDrive/Desktop/Antigravity Projects/openalternative/node_modules/@tanstack/table-core/build/lib/types").Column<IntegrationRow, unknown>>'. Two different types with this name exist, but they are unrelated.
      'string' index signatures are incompatible.
        Type 'import("C:/Users/Mrityunjay Saini/OneDrive/Desktop/Antigravity Projects/openalternative/node_modules/@tanstack/table-core/build/lib/types").Column<IntegrationRow, unknown>' is not assignable to type 'import("C:/Users/Mrityunjay Saini/OneDrive/Desktop/Antigravity Projects/openalternative/node_modules/@tanstack/table-core/build/lib/types").Column<IntegrationRow, unknown>'. Two different types with this name exist, but they are unrelated.
          Types of property 'accessorFn' are incompatible.
            Type 'import("C:/Users/Mrityunjay Saini/OneDrive/Desktop/Antigravity Projects/openalternative/node_modules/@tanstack/table-core/build/lib/types").AccessorFn<IntegrationRow, unknown> | undefined' is not assignable to type 'import("C:/Users/Mrityunjay Saini/OneDrive/Desktop/Antigravity Projects/openalternative/node_modules/@tanstack/table-core/build/lib/types").AccessorFn<IntegrationRow, unknown> | undefined'. Two different types with this name exist, but they are unrelated.
              Type 'import("C:/Users/Mrityunjay Saini/OneDrive/Desktop/Antigravity Projects/openalternative/node_modules/@tanstack/table-core/build/lib/types").AccessorFn<IntegrationRow, unknown>' is not assignable to type 'import("C:/Users/Mrityunjay Saini/OneDrive/Desktop/Antigravity Projects/openalternative/node_modules/@tanstack/table-core/build/lib/types").AccessorFn<IntegrationRow, unknown>'. Two different types with this name exist, but they are unrelated.
                Type 'IntegrationRow' is not assignable to type 'IntegrationRow'. Two different types with this name exist, but they are unrelated.
                  Type 'IntegrationRow' is missing the following properties from type 'Pick<{ id: string; name: string; slug: string; description: string | null; faviconUrl: string | null; createdAt: Date; updatedAt: Date; type: IntegrationType; website: string | null; }, "id" | ... 5 more ... | "website">': faviconUrl, createdAt, type, website
app/admin/tools/[slug]/page.tsx(26,9): error TS2322: Type '{ alternatives: { id: string; name: string; slug: string; description: string | null; websiteUrl: string; faviconUrl: string | null; discountCode: string | null; discountAmount: string | null; ... 5 more ...; adId: string | null; }[]; categories: { ...; }[]; integrations: { ...; }[]; } & { ...; }' is not assignable to type '{ id: string; name: string; slug: string; description: string | null; websiteUrl: string; faviconUrl: string | null; discountCode: string | null; discountAmount: string | null; customTitle: string | null; ... 35 more ...; license: { ...; } | null; } | undefined'.
  Type '{ alternatives: { id: string; name: string; slug: string; description: string | null; websiteUrl: string; faviconUrl: string | null; discountCode: string | null; discountAmount: string | null; ... 5 more ...; adId: string | null; }[]; categories: { ...; }[]; integrations: { ...; }[]; } & { ...; }' is missing the following properties from type '{ id: string; name: string; slug: string; description: string | null; websiteUrl: string; faviconUrl: string | null; discountCode: string | null; discountAmount: string | null; customTitle: string | null; ... 35 more ...; license: { ...; } | null; }': topics, reviews, license
app/admin/tools/_components/tool-form.tsx(232,28): error TS2339: Property 'submitterName' does not exist on type '{ id: string; name: string; slug: string; description: string | null; websiteUrl: string; faviconUrl: string | null; discountCode: string | null; discountAmount: string | null; customTitle: string | null; ... 35 more ...; license: { ...; } | null; }'.
app/admin/tools/_components/tool-form.tsx(233,29): error TS2339: Property 'submitterEmail' does not exist on type '{ id: string; name: string; slug: string; description: string | null; websiteUrl: string; faviconUrl: string | null; discountCode: string | null; discountAmount: string | null; customTitle: string | null; ... 35 more ...; license: { ...; } | null; }'.
app/admin/tools/_components/tool-form.tsx(234,28): error TS2339: Property 'submitterNote' does not exist on type '{ id: string; name: string; slug: string; description: string | null; websiteUrl: string; faviconUrl: string | null; discountCode: string | null; discountAmount: string | null; customTitle: string | null; ... 35 more ...; license: { ...; } | null; }'.
app/admin/tools/_components/tool-form.tsx(238,40): error TS2345: Argument of type '(c: { id: string; }) => string' is not assignable to parameter of type '(value: { name: string; slug: string; _count: { tools: number; }; fullPath: string; label: string | null; }, index: number, array: { name: string; slug: string; _count: { tools: number; }; fullPath: string; label: string | null; }[]) => string'.
  Types of parameters 'c' and 'value' are incompatible.
    Property 'id' is missing in type '{ name: string; slug: string; _count: { tools: number; }; fullPath: string; label: string | null; }' but required in type '{ id: string; }'.
app/admin/tools/_components/tool-form.tsx(239,44): error TS2345: Argument of type '(i: { id: string; }) => string' is not assignable to parameter of type '(value: { name: string; slug: string; description: string | null; faviconUrl: string | null; _count: { tools: number; }; type: IntegrationType; }, index: number, array: { name: string; ... 4 more ...; type: IntegrationType; }[]) => string'.
  Types of parameters 'i' and 'value' are incompatible.
    Property 'id' is missing in type '{ name: string; slug: string; description: string | null; faviconUrl: string | null; _count: { tools: number; }; type: IntegrationType; }' but required in type '{ id: string; }'.
app/admin/tools/_components/tool-form.tsx(243,23): error TS2339: Property 'g2Rating' does not exist on type '{ id: string; name: string; slug: string; description: string | null; websiteUrl: string; faviconUrl: string | null; discountCode: string | null; discountAmount: string | null; customTitle: string | null; ... 35 more ...; license: { ...; } | null; }'.
app/admin/tools/_components/tool-form.tsx(244,24): error TS2551: Property 'g2Reviews' does not exist on type '{ id: string; name: string; slug: string; description: string | null; websiteUrl: string; faviconUrl: string | null; discountCode: string | null; discountAmount: string | null; customTitle: string | null; ... 35 more ...; license: { ...; } | null; }'. Did you mean 'reviews'?
app/admin/tools/_components/tool-form.tsx(245,31): error TS2339: Property 'trustpilotRating' does not exist on type '{ id: string; name: string; slug: string; description: string | null; websiteUrl: string; faviconUrl: string | null; discountCode: string | null; discountAmount: string | null; customTitle: string | null; ... 35 more ...; license: { ...; } | null; }'.
app/admin/tools/_components/tool-form.tsx(246,32): error TS2339: Property 'trustpilotReviews' does not exist on type '{ id: string; name: string; slug: string; description: string | null; websiteUrl: string; faviconUrl: string | null; discountCode: string | null; discountAmount: string | null; customTitle: string | null; ... 35 more ...; license: { ...; } | null; }'.
app/admin/tools/_components/tool-form.tsx(247,29): error TS2339: Property 'capterraRating' does not exist on type '{ id: string; name: string; slug: string; description: string | null; websiteUrl: string; faviconUrl: string | null; discountCode: string | null; discountAmount: string | null; customTitle: string | null; ... 35 more ...; license: { ...; } | null; }'.
app/admin/tools/_components/tool-form.tsx(248,30): error TS2339: Property 'capterraReviews' does not exist on type '{ id: string; name: string; slug: string; description: string | null; websiteUrl: string; faviconUrl: string | null; discountCode: string | null; discountAmount: string | null; customTitle: string | null; ... 35 more ...; license: { ...; } | null; }'.
app/admin/tools/_components/tool-form.tsx(249,32): error TS2339: Property 'trustradiusRating' does not exist on type '{ id: string; name: string; slug: string; description: string | null; websiteUrl: string; faviconUrl: string | null; discountCode: string | null; discountAmount: string | null; customTitle: string | null; ... 35 more ...; license: { ...; } | null; }'.
app/admin/tools/_components/tool-form.tsx(250,33): error TS2339: Property 'trustradiusReviews' does not exist on type '{ id: string; name: string; slug: string; description: string | null; websiteUrl: string; faviconUrl: string | null; discountCode: string | null; discountAmount: string | null; customTitle: string | null; ... 35 more ...; license: { ...; } | null; }'.
app/admin/tools/_components/tool-form.tsx(251,33): error TS2339: Property 'coldEmailKitRating' does not exist on type '{ id: string; name: string; slug: string; description: string | null; websiteUrl: string; faviconUrl: string | null; discountCode: string | null; discountAmount: string | null; customTitle: string | null; ... 35 more ...; license: { ...; } | null; }'.
app/admin/tools/_components/tool-form.tsx(252,34): error TS2339: Property 'coldEmailKitReviews' does not exist on type '{ id: string; name: string; slug: string; description: string | null; websiteUrl: string; faviconUrl: string | null; discountCode: string | null; discountAmount: string | null; customTitle: string | null; ... 35 more ...; license: { ...; } | null; }'.
app/admin/tools/_components/tool-form.tsx(254,7): error TS2322: Type 'ToolSpecifications' is not assignable to type '{ [x: string]: unknown; }'.
  Index signature for type 'string' is missing in type 'ToolSpecifications'.
app/admin/tools/_components/tool-form.tsx(255,7): error TS2322: Type 'PricingSpecs' is not assignable to type '{ [x: string]: unknown; }'.
  Index signature for type 'string' is missing in type 'PricingSpecs'.
app/admin/tools/_components/tool-form.tsx(256,7): error TS2322: Type 'InboxFeatures' is not assignable to type '{ [x: string]: unknown; }'.
  Index signature for type 'string' is missing in type 'InboxFeatures'.
app/admin/tools/_components/tool-form.tsx(257,7): error TS2322: Type 'WarmupFeatures' is not assignable to type '{ [x: string]: unknown; }'.
  Index signature for type 'string' is missing in type 'WarmupFeatures'.
app/admin/tools/_components/tool-form.tsx(258,7): error TS2322: Type 'LeadsFeatures' is not assignable to type '{ [x: string]: unknown; }'.
  Index signature for type 'string' is missing in type 'LeadsFeatures'.
app/admin/tools/_components/tool-form.tsx(259,7): error TS2322: Type 'EnrichmentFeatures' is not assignable to type '{ [x: string]: unknown; }'.
  Index signature for type 'string' is missing in type 'EnrichmentFeatures'.
app/admin/tools/_components/tool-form.tsx(260,7): error TS2322: Type 'CopywritingFeatures' is not assignable to type '{ [x: string]: unknown; }'.
  Index signature for type 'string' is missing in type 'CopywritingFeatures'.
app/admin/tools/_components/tool-form.tsx(261,7): error TS2322: Type 'OutreachFeatures' is not assignable to type '{ [x: string]: unknown; }'.
  Index signature for type 'string' is missing in type 'OutreachFeatures'.
app/admin/tools/_components/tool-form.tsx(262,7): error TS2322: Type 'DeliverabilityFeatures' is not assignable to type '{ [x: string]: unknown; }'.
  Index signature for type 'string' is missing in type 'DeliverabilityFeatures'.
app/admin/tools/_components/tool-form.tsx(263,7): error TS2322: Type 'LinkedInFeatures' is not assignable to type '{ [x: string]: unknown; }'.
  Index signature for type 'string' is missing in type 'LinkedInFeatures'.
app/admin/tools/_components/tool-form.tsx(269,5): error TS2322: Type 'UseFormReturn<{ name: string; websiteUrl: string; isFeatured: boolean; isSelfHosted: boolean; specifications: { [x: string]: unknown; }; pricingSpecs: { [x: string]: unknown; }; inboxFeatures: { [x: string]: unknown; }; warmupFeatures: { ...; }; ... 41 more ...; integrations?: string[] | undefined; }, any, TFieldVal...' is not assignable to type 'UseFormReturn<{ name: string; websiteUrl: string; isFeatured: boolean; isSelfHosted: boolean; specifications: { [x: string]: unknown; }; pricingSpecs: { [x: string]: unknown; }; inboxFeatures: { [x: string]: unknown; }; warmupFeatures: { ...; }; ... 41 more ...; integrations?: string[] | undefined; }>'.
  Types of property 'handleSubmit' are incompatible.
    Type 'UseFormHandleSubmit<{ name: string; websiteUrl: string; isFeatured: boolean; isSelfHosted: boolean; specifications: { [x: string]: unknown; }; pricingSpecs: { [x: string]: unknown; }; inboxFeatures: { [x: string]: unknown; }; warmupFeatures: { ...; }; ... 41 more ...; integrations?: string[] | undefined; }, TFieldVa...' is not assignable to type 'UseFormHandleSubmit<{ name: string; websiteUrl: string; isFeatured: boolean; isSelfHosted: boolean; specifications: { [x: string]: unknown; }; pricingSpecs: { [x: string]: unknown; }; inboxFeatures: { [x: string]: unknown; }; warmupFeatures: { ...; }; ... 41 more ...; integrations?: string[] | undefined; }, { ...; }>'.
      Types of parameters 'onValid' and 'onValid' are incompatible.
        Types of parameters 'data' and 'data' are incompatible.
          Type 'TFieldValues' is not assignable to type '{ name: string; websiteUrl: string; isFeatured: boolean; isSelfHosted: boolean; specifications: { [x: string]: unknown; }; pricingSpecs: { [x: string]: unknown; }; inboxFeatures: { [x: string]: unknown; }; warmupFeatures: { ...; }; ... 41 more ...; integrations?: string[] | undefined; }'.
            Type 'FieldValues' is missing the following properties from type '{ name: string; websiteUrl: string; isFeatured: boolean; isSelfHosted: boolean; specifications: { [x: string]: unknown; }; pricingSpecs: { [x: string]: unknown; }; inboxFeatures: { [x: string]: unknown; }; warmupFeatures: { ...; }; ... 41 more ...; integrations?: string[] | undefined; }': name, websiteUrl, isFeatured, isSelfHosted, and 12 more.
app/admin/tools/_components/tool-form.tsx(357,33): error TS2740: Type '{ id: string; name: string; slug: string; description: string | null; websiteUrl: string; faviconUrl: string | null; discountCode: string | null; discountAmount: string | null; customTitle: string | null; ... 35 more ...; license: { ...; } | null; }' is missing the following properties from type '{ id: string; name: string; slug: string; description: string | null; websiteUrl: string; faviconUrl: string | null; discountCode: string | null; discountAmount: string | null; pageviews: number | null; ... 47 more ...; ownerId: string | null; }': pageviews, createdAt, score, submitterName, and 14 more.
app/admin/tools/_components/tool-form.tsx(384,11): error TS2322: Type 'Control<{ name: string; websiteUrl: string; isFeatured: boolean; isSelfHosted: boolean; specifications: { [x: string]: unknown; }; pricingSpecs: { [x: string]: unknown; }; inboxFeatures: { [x: string]: unknown; }; warmupFeatures: { ...; }; ... 41 more ...; integrations?: string[] | undefined; }, any, TFieldValues>' is not assignable to type 'Control<{ name: string; websiteUrl: string; isFeatured: boolean; isSelfHosted: boolean; specifications: { [x: string]: unknown; }; pricingSpecs: { [x: string]: unknown; }; inboxFeatures: { [x: string]: unknown; }; warmupFeatures: { ...; }; ... 41 more ...; integrations?: string[] | undefined; }, any, { ...; }>'.
  The types of '_options.resolver' are incompatible between these types.
    Type 'Resolver<{ name: string; websiteUrl: string; isFeatured: boolean; isSelfHosted: boolean; specifications: { [x: string]: unknown; }; pricingSpecs: { [x: string]: unknown; }; inboxFeatures: { [x: string]: unknown; }; warmupFeatures: { ...; }; ... 41 more ...; integrations?: string[] | undefined; }, any, TFieldValues> ...' is not assignable to type 'Resolver<{ name: string; websiteUrl: string; isFeatured: boolean; isSelfHosted: boolean; specifications: { [x: string]: unknown; }; pricingSpecs: { [x: string]: unknown; }; inboxFeatures: { [x: string]: unknown; }; warmupFeatures: { ...; }; ... 41 more ...; integrations?: string[] | undefined; }, any, { ...; }> | un...'.
      Type 'Resolver<{ name: string; websiteUrl: string; isFeatured: boolean; isSelfHosted: boolean; specifications: { [x: string]: unknown; }; pricingSpecs: { [x: string]: unknown; }; inboxFeatures: { [x: string]: unknown; }; warmupFeatures: { ...; }; ... 41 more ...; integrations?: string[] | undefined; }, any, TFieldValues>' is not assignable to type 'Resolver<{ name: string; websiteUrl: string; isFeatured: boolean; isSelfHosted: boolean; specifications: { [x: string]: unknown; }; pricingSpecs: { [x: string]: unknown; }; inboxFeatures: { [x: string]: unknown; }; warmupFeatures: { ...; }; ... 41 more ...; integrations?: string[] | undefined; }, any, { ...; }>'.
        Type 'TFieldValues' is not assignable to type '{ name: string; websiteUrl: string; isFeatured: boolean; isSelfHosted: boolean; specifications: { [x: string]: unknown; }; pricingSpecs: { [x: string]: unknown; }; inboxFeatures: { [x: string]: unknown; }; warmupFeatures: { ...; }; ... 41 more ...; integrations?: string[] | undefined; }'.
          Type 'FieldValues' is missing the following properties from type '{ name: string; websiteUrl: string; isFeatured: boolean; isSelfHosted: boolean; specifications: { [x: string]: unknown; }; pricingSpecs: { [x: string]: unknown; }; inboxFeatures: { [x: string]: unknown; }; warmupFeatures: { ...; }; ... 41 more ...; integrations?: string[] | undefined; }': name, websiteUrl, isFeatured, isSelfHosted, and 12 more.
app/admin/tools/_components/tool-form.tsx(398,11): error TS2322: Type 'Control<{ name: string; websiteUrl: string; isFeatured: boolean; isSelfHosted: boolean; specifications: { [x: string]: unknown; }; pricingSpecs: { [x: string]: unknown; }; inboxFeatures: { [x: string]: unknown; }; warmupFeatures: { ...; }; ... 41 more ...; integrations?: string[] | undefined; }, any, TFieldValues>' is not assignable to type 'Control<{ name: string; websiteUrl: string; isFeatured: boolean; isSelfHosted: boolean; specifications: { [x: string]: unknown; }; pricingSpecs: { [x: string]: unknown; }; inboxFeatures: { [x: string]: unknown; }; warmupFeatures: { ...; }; ... 41 more ...; integrations?: string[] | undefined; }, any, { ...; }>'.
  The types of '_options.resolver' are incompatible between these types.
    Type 'Resolver<{ name: string; websiteUrl: string; isFeatured: boolean; isSelfHosted: boolean; specifications: { [x: string]: unknown; }; pricingSpecs: { [x: string]: unknown; }; inboxFeatures: { [x: string]: unknown; }; warmupFeatures: { ...; }; ... 41 more ...; integrations?: string[] | undefined; }, any, TFieldValues> ...' is not assignable to type 'Resolver<{ name: string; websiteUrl: string; isFeatured: boolean; isSelfHosted: boolean; specifications: { [x: string]: unknown; }; pricingSpecs: { [x: string]: unknown; }; inboxFeatures: { [x: string]: unknown; }; warmupFeatures: { ...; }; ... 41 more ...; integrations?: string[] | undefined; }, any, { ...; }> | un...'.
      Type 'Resolver<{ name: string; websiteUrl: string; isFeatured: boolean; isSelfHosted: boolean; specifications: { [x: string]: unknown; }; pricingSpecs: { [x: string]: unknown; }; inboxFeatures: { [x: string]: unknown; }; warmupFeatures: { ...; }; ... 41 more ...; integrations?: string[] | undefined; }, any, TFieldValues>' is not assignable to type 'Resolver<{ name: string; websiteUrl: string; isFeatured: boolean; isSelfHosted: boolean; specifications: { [x: string]: unknown; }; pricingSpecs: { [x: string]: unknown; }; inboxFeatures: { [x: string]: unknown; }; warmupFeatures: { ...; }; ... 41 more ...; integrations?: string[] | undefined; }, any, { ...; }>'.
        Type 'TFieldValues' is not assignable to type '{ name: string; websiteUrl: string; isFeatured: boolean; isSelfHosted: boolean; specifications: { [x: string]: unknown; }; pricingSpecs: { [x: string]: unknown; }; inboxFeatures: { [x: string]: unknown; }; warmupFeatures: { ...; }; ... 41 more ...; integrations?: string[] | undefined; }'.
          Type 'FieldValues' is missing the following properties from type '{ name: string; websiteUrl: string; isFeatured: boolean; isSelfHosted: boolean; specifications: { [x: string]: unknown; }; pricingSpecs: { [x: string]: unknown; }; inboxFeatures: { [x: string]: unknown; }; warmupFeatures: { ...; }; ... 41 more ...; integrations?: string[] | undefined; }': name, websiteUrl, isFeatured, isSelfHosted, and 12 more.
app/admin/tools/_components/tool-form.tsx(412,11): error TS2322: Type 'Control<{ name: string; websiteUrl: string; isFeatured: boolean; isSelfHosted: boolean; specifications: { [x: string]: unknown; }; pricingSpecs: { [x: string]: unknown; }; inboxFeatures: { [x: string]: unknown; }; warmupFeatures: { ...; }; ... 41 more ...; integrations?: string[] | undefined; }, any, TFieldValues>' is not assignable to type 'Control<{ name: string; websiteUrl: string; isFeatured: boolean; isSelfHosted: boolean; specifications: { [x: string]: unknown; }; pricingSpecs: { [x: string]: unknown; }; inboxFeatures: { [x: string]: unknown; }; warmupFeatures: { ...; }; ... 41 more ...; integrations?: string[] | undefined; }, any, { ...; }>'.
  The types of '_options.resolver' are incompatible between these types.
    Type 'Resolver<{ name: string; websiteUrl: string; isFeatured: boolean; isSelfHosted: boolean; specifications: { [x: string]: unknown; }; pricingSpecs: { [x: string]: unknown; }; inboxFeatures: { [x: string]: unknown; }; warmupFeatures: { ...; }; ... 41 more ...; integrations?: string[] | undefined; }, any, TFieldValues> ...' is not assignable to type 'Resolver<{ name: string; websiteUrl: string; isFeatured: boolean; isSelfHosted: boolean; specifications: { [x: string]: unknown; }; pricingSpecs: { [x: string]: unknown; }; inboxFeatures: { [x: string]: unknown; }; warmupFeatures: { ...; }; ... 41 more ...; integrations?: string[] | undefined; }, any, { ...; }> | un...'.
      Type 'Resolver<{ name: string; websiteUrl: string; isFeatured: boolean; isSelfHosted: boolean; specifications: { [x: string]: unknown; }; pricingSpecs: { [x: string]: unknown; }; inboxFeatures: { [x: string]: unknown; }; warmupFeatures: { ...; }; ... 41 more ...; integrations?: string[] | undefined; }, any, TFieldValues>' is not assignable to type 'Resolver<{ name: string; websiteUrl: string; isFeatured: boolean; isSelfHosted: boolean; specifications: { [x: string]: unknown; }; pricingSpecs: { [x: string]: unknown; }; inboxFeatures: { [x: string]: unknown; }; warmupFeatures: { ...; }; ... 41 more ...; integrations?: string[] | undefined; }, any, { ...; }>'.
        Type 'TFieldValues' is not assignable to type '{ name: string; websiteUrl: string; isFeatured: boolean; isSelfHosted: boolean; specifications: { [x: string]: unknown; }; pricingSpecs: { [x: string]: unknown; }; inboxFeatures: { [x: string]: unknown; }; warmupFeatures: { ...; }; ... 41 more ...; integrations?: string[] | undefined; }'.
          Type 'FieldValues' is missing the following properties from type '{ name: string; websiteUrl: string; isFeatured: boolean; isSelfHosted: boolean; specifications: { [x: string]: unknown; }; pricingSpecs: { [x: string]: unknown; }; inboxFeatures: { [x: string]: unknown; }; warmupFeatures: { ...; }; ... 41 more ...; integrations?: string[] | undefined; }': name, websiteUrl, isFeatured, isSelfHosted, and 12 more.
app/admin/tools/_components/tool-form.tsx(426,11): error TS2322: Type 'Control<{ name: string; websiteUrl: string; isFeatured: boolean; isSelfHosted: boolean; specifications: { [x: string]: unknown; }; pricingSpecs: { [x: string]: unknown; }; inboxFeatures: { [x: string]: unknown; }; warmupFeatures: { ...; }; ... 41 more ...; integrations?: string[] | undefined; }, any, TFieldValues>' is not assignable to type 'Control<{ name: string; websiteUrl: string; isFeatured: boolean; isSelfHosted: boolean; specifications: { [x: string]: unknown; }; pricingSpecs: { [x: string]: unknown; }; inboxFeatures: { [x: string]: unknown; }; warmupFeatures: { ...; }; ... 41 more ...; integrations?: string[] | undefined; }, any, { ...; }>'.
  The types of '_options.resolver' are incompatible between these types.
    Type 'Resolver<{ name: string; websiteUrl: string; isFeatured: boolean; isSelfHosted: boolean; specifications: { [x: string]: unknown; }; pricingSpecs: { [x: string]: unknown; }; inboxFeatures: { [x: string]: unknown; }; warmupFeatures: { ...; }; ... 41 more ...; integrations?: string[] | undefined; }, any, TFieldValues> ...' is not assignable to type 'Resolver<{ name: string; websiteUrl: string; isFeatured: boolean; isSelfHosted: boolean; specifications: { [x: string]: unknown; }; pricingSpecs: { [x: string]: unknown; }; inboxFeatures: { [x: string]: unknown; }; warmupFeatures: { ...; }; ... 41 more ...; integrations?: string[] | undefined; }, any, { ...; }> | un...'.
      Type 'Resolver<{ name: string; websiteUrl: string; isFeatured: boolean; isSelfHosted: boolean; specifications: { [x: string]: unknown; }; pricingSpecs: { [x: string]: unknown; }; inboxFeatures: { [x: string]: unknown; }; warmupFeatures: { ...; }; ... 41 more ...; integrations?: string[] | undefined; }, any, TFieldValues>' is not assignable to type 'Resolver<{ name: string; websiteUrl: string; isFeatured: boolean; isSelfHosted: boolean; specifications: { [x: string]: unknown; }; pricingSpecs: { [x: string]: unknown; }; inboxFeatures: { [x: string]: unknown; }; warmupFeatures: { ...; }; ... 41 more ...; integrations?: string[] | undefined; }, any, { ...; }>'.
        Type 'TFieldValues' is not assignable to type '{ name: string; websiteUrl: string; isFeatured: boolean; isSelfHosted: boolean; specifications: { [x: string]: unknown; }; pricingSpecs: { [x: string]: unknown; }; inboxFeatures: { [x: string]: unknown; }; warmupFeatures: { ...; }; ... 41 more ...; integrations?: string[] | undefined; }'.
          Type 'FieldValues' is missing the following properties from type '{ name: string; websiteUrl: string; isFeatured: boolean; isSelfHosted: boolean; specifications: { [x: string]: unknown; }; pricingSpecs: { [x: string]: unknown; }; inboxFeatures: { [x: string]: unknown; }; warmupFeatures: { ...; }; ... 41 more ...; integrations?: string[] | undefined; }': name, websiteUrl, isFeatured, isSelfHosted, and 12 more.
app/admin/tools/_components/tool-form.tsx(440,11): error TS2322: Type 'Control<{ name: string; websiteUrl: string; isFeatured: boolean; isSelfHosted: boolean; specifications: { [x: string]: unknown; }; pricingSpecs: { [x: string]: unknown; }; inboxFeatures: { [x: string]: unknown; }; warmupFeatures: { ...; }; ... 41 more ...; integrations?: string[] | undefined; }, any, TFieldValues>' is not assignable to type 'Control<{ name: string; websiteUrl: string; isFeatured: boolean; isSelfHosted: boolean; specifications: { [x: string]: unknown; }; pricingSpecs: { [x: string]: unknown; }; inboxFeatures: { [x: string]: unknown; }; warmupFeatures: { ...; }; ... 41 more ...; integrations?: string[] | undefined; }, any, { ...; }>'.
  The types of '_options.resolver' are incompatible between these types.
    Type 'Resolver<{ name: string; websiteUrl: string; isFeatured: boolean; isSelfHosted: boolean; specifications: { [x: string]: unknown; }; pricingSpecs: { [x: string]: unknown; }; inboxFeatures: { [x: string]: unknown; }; warmupFeatures: { ...; }; ... 41 more ...; integrations?: string[] | undefined; }, any, TFieldValues> ...' is not assignable to type 'Resolver<{ name: string; websiteUrl: string; isFeatured: boolean; isSelfHosted: boolean; specifications: { [x: string]: unknown; }; pricingSpecs: { [x: string]: unknown; }; inboxFeatures: { [x: string]: unknown; }; warmupFeatures: { ...; }; ... 41 more ...; integrations?: string[] | undefined; }, any, { ...; }> | un...'.
      Type 'Resolver<{ name: string; websiteUrl: string; isFeatured: boolean; isSelfHosted: boolean; specifications: { [x: string]: unknown; }; pricingSpecs: { [x: string]: unknown; }; inboxFeatures: { [x: string]: unknown; }; warmupFeatures: { ...; }; ... 41 more ...; integrations?: string[] | undefined; }, any, TFieldValues>' is not assignable to type 'Resolver<{ name: string; websiteUrl: string; isFeatured: boolean; isSelfHosted: boolean; specifications: { [x: string]: unknown; }; pricingSpecs: { [x: string]: unknown; }; inboxFeatures: { [x: string]: unknown; }; warmupFeatures: { ...; }; ... 41 more ...; integrations?: string[] | undefined; }, any, { ...; }>'.
        Type 'TFieldValues' is not assignable to type '{ name: string; websiteUrl: string; isFeatured: boolean; isSelfHosted: boolean; specifications: { [x: string]: unknown; }; pricingSpecs: { [x: string]: unknown; }; inboxFeatures: { [x: string]: unknown; }; warmupFeatures: { ...; }; ... 41 more ...; integrations?: string[] | undefined; }'.
          Type 'FieldValues' is missing the following properties from type '{ name: string; websiteUrl: string; isFeatured: boolean; isSelfHosted: boolean; specifications: { [x: string]: unknown; }; pricingSpecs: { [x: string]: unknown; }; inboxFeatures: { [x: string]: unknown; }; warmupFeatures: { ...; }; ... 41 more ...; integrations?: string[] | undefined; }': name, websiteUrl, isFeatured, isSelfHosted, and 12 more.
app/admin/tools/_components/tool-form.tsx(454,11): error TS2322: Type 'Control<{ name: string; websiteUrl: string; isFeatured: boolean; isSelfHosted: boolean; specifications: { [x: string]: unknown; }; pricingSpecs: { [x: string]: unknown; }; inboxFeatures: { [x: string]: unknown; }; warmupFeatures: { ...; }; ... 41 more ...; integrations?: string[] | undefined; }, any, TFieldValues>' is not assignable to type 'Control<{ name: string; websiteUrl: string; isFeatured: boolean; isSelfHosted: boolean; specifications: { [x: string]: unknown; }; pricingSpecs: { [x: string]: unknown; }; inboxFeatures: { [x: string]: unknown; }; warmupFeatures: { ...; }; ... 41 more ...; integrations?: string[] | undefined; }, any, { ...; }>'.
  The types of '_options.resolver' are incompatible between these types.
    Type 'Resolver<{ name: string; websiteUrl: string; isFeatured: boolean; isSelfHosted: boolean; specifications: { [x: string]: unknown; }; pricingSpecs: { [x: string]: unknown; }; inboxFeatures: { [x: string]: unknown; }; warmupFeatures: { ...; }; ... 41 more ...; integrations?: string[] | undefined; }, any, TFieldValues> ...' is not assignable to type 'Resolver<{ name: string; websiteUrl: string; isFeatured: boolean; isSelfHosted: boolean; specifications: { [x: string]: unknown; }; pricingSpecs: { [x: string]: unknown; }; inboxFeatures: { [x: string]: unknown; }; warmupFeatures: { ...; }; ... 41 more ...; integrations?: string[] | undefined; }, any, { ...; }> | un...'.
      Type 'Resolver<{ name: string; websiteUrl: string; isFeatured: boolean; isSelfHosted: boolean; specifications: { [x: string]: unknown; }; pricingSpecs: { [x: string]: unknown; }; inboxFeatures: { [x: string]: unknown; }; warmupFeatures: { ...; }; ... 41 more ...; integrations?: string[] | undefined; }, any, TFieldValues>' is not assignable to type 'Resolver<{ name: string; websiteUrl: string; isFeatured: boolean; isSelfHosted: boolean; specifications: { [x: string]: unknown; }; pricingSpecs: { [x: string]: unknown; }; inboxFeatures: { [x: string]: unknown; }; warmupFeatures: { ...; }; ... 41 more ...; integrations?: string[] | undefined; }, any, { ...; }>'.
        Type 'TFieldValues' is not assignable to type '{ name: string; websiteUrl: string; isFeatured: boolean; isSelfHosted: boolean; specifications: { [x: string]: unknown; }; pricingSpecs: { [x: string]: unknown; }; inboxFeatures: { [x: string]: unknown; }; warmupFeatures: { ...; }; ... 41 more ...; integrations?: string[] | undefined; }'.
          Type 'FieldValues' is missing the following properties from type '{ name: string; websiteUrl: string; isFeatured: boolean; isSelfHosted: boolean; specifications: { [x: string]: unknown; }; pricingSpecs: { [x: string]: unknown; }; inboxFeatures: { [x: string]: unknown; }; warmupFeatures: { ...; }; ... 41 more ...; integrations?: string[] | undefined; }': name, websiteUrl, isFeatured, isSelfHosted, and 12 more.
app/admin/tools/_components/tool-form.tsx(468,11): error TS2322: Type 'Control<{ name: string; websiteUrl: string; isFeatured: boolean; isSelfHosted: boolean; specifications: { [x: string]: unknown; }; pricingSpecs: { [x: string]: unknown; }; inboxFeatures: { [x: string]: unknown; }; warmupFeatures: { ...; }; ... 41 more ...; integrations?: string[] | undefined; }, any, TFieldValues>' is not assignable to type 'Control<{ name: string; websiteUrl: string; isFeatured: boolean; isSelfHosted: boolean; specifications: { [x: string]: unknown; }; pricingSpecs: { [x: string]: unknown; }; inboxFeatures: { [x: string]: unknown; }; warmupFeatures: { ...; }; ... 41 more ...; integrations?: string[] | undefined; }, any, { ...; }>'.
  The types of '_options.resolver' are incompatible between these types.
    Type 'Resolver<{ name: string; websiteUrl: string; isFeatured: boolean; isSelfHosted: boolean; specifications: { [x: string]: unknown; }; pricingSpecs: { [x: string]: unknown; }; inboxFeatures: { [x: string]: unknown; }; warmupFeatures: { ...; }; ... 41 more ...; integrations?: string[] | undefined; }, any, TFieldValues> ...' is not assignable to type 'Resolver<{ name: string; websiteUrl: string; isFeatured: boolean; isSelfHosted: boolean; specifications: { [x: string]: unknown; }; pricingSpecs: { [x: string]: unknown; }; inboxFeatures: { [x: string]: unknown; }; warmupFeatures: { ...; }; ... 41 more ...; integrations?: string[] | undefined; }, any, { ...; }> | un...'.
      Type 'Resolver<{ name: string; websiteUrl: string; isFeatured: boolean; isSelfHosted: boolean; specifications: { [x: string]: unknown; }; pricingSpecs: { [x: string]: unknown; }; inboxFeatures: { [x: string]: unknown; }; warmupFeatures: { ...; }; ... 41 more ...; integrations?: string[] | undefined; }, any, TFieldValues>' is not assignable to type 'Resolver<{ name: string; websiteUrl: string; isFeatured: boolean; isSelfHosted: boolean; specifications: { [x: string]: unknown; }; pricingSpecs: { [x: string]: unknown; }; inboxFeatures: { [x: string]: unknown; }; warmupFeatures: { ...; }; ... 41 more ...; integrations?: string[] | undefined; }, any, { ...; }>'.
        Type 'TFieldValues' is not assignable to type '{ name: string; websiteUrl: string; isFeatured: boolean; isSelfHosted: boolean; specifications: { [x: string]: unknown; }; pricingSpecs: { [x: string]: unknown; }; inboxFeatures: { [x: string]: unknown; }; warmupFeatures: { ...; }; ... 41 more ...; integrations?: string[] | undefined; }'.
          Type 'FieldValues' is missing the following properties from type '{ name: string; websiteUrl: string; isFeatured: boolean; isSelfHosted: boolean; specifications: { [x: string]: unknown; }; pricingSpecs: { [x: string]: unknown; }; inboxFeatures: { [x: string]: unknown; }; warmupFeatures: { ...; }; ... 41 more ...; integrations?: string[] | undefined; }': name, websiteUrl, isFeatured, isSelfHosted, and 12 more.
app/admin/tools/_components/tool-form.tsx(482,11): error TS2322: Type 'Control<{ name: string; websiteUrl: string; isFeatured: boolean; isSelfHosted: boolean; specifications: { [x: string]: unknown; }; pricingSpecs: { [x: string]: unknown; }; inboxFeatures: { [x: string]: unknown; }; warmupFeatures: { ...; }; ... 41 more ...; integrations?: string[] | undefined; }, any, TFieldValues>' is not assignable to type 'Control<{ name: string; websiteUrl: string; isFeatured: boolean; isSelfHosted: boolean; specifications: { [x: string]: unknown; }; pricingSpecs: { [x: string]: unknown; }; inboxFeatures: { [x: string]: unknown; }; warmupFeatures: { ...; }; ... 41 more ...; integrations?: string[] | undefined; }, any, { ...; }>'.
  The types of '_options.resolver' are incompatible between these types.
    Type 'Resolver<{ name: string; websiteUrl: string; isFeatured: boolean; isSelfHosted: boolean; specifications: { [x: string]: unknown; }; pricingSpecs: { [x: string]: unknown; }; inboxFeatures: { [x: string]: unknown; }; warmupFeatures: { ...; }; ... 41 more ...; integrations?: string[] | undefined; }, any, TFieldValues> ...' is not assignable to type 'Resolver<{ name: string; websiteUrl: string; isFeatured: boolean; isSelfHosted: boolean; specifications: { [x: string]: unknown; }; pricingSpecs: { [x: string]: unknown; }; inboxFeatures: { [x: string]: unknown; }; warmupFeatures: { ...; }; ... 41 more ...; integrations?: string[] | undefined; }, any, { ...; }> | un...'.
      Type 'Resolver<{ name: string; websiteUrl: string; isFeatured: boolean; isSelfHosted: boolean; specifications: { [x: string]: unknown; }; pricingSpecs: { [x: string]: unknown; }; inboxFeatures: { [x: string]: unknown; }; warmupFeatures: { ...; }; ... 41 more ...; integrations?: string[] | undefined; }, any, TFieldValues>' is not assignable to type 'Resolver<{ name: string; websiteUrl: string; isFeatured: boolean; isSelfHosted: boolean; specifications: { [x: string]: unknown; }; pricingSpecs: { [x: string]: unknown; }; inboxFeatures: { [x: string]: unknown; }; warmupFeatures: { ...; }; ... 41 more ...; integrations?: string[] | undefined; }, any, { ...; }>'.
        Type 'TFieldValues' is not assignable to type '{ name: string; websiteUrl: string; isFeatured: boolean; isSelfHosted: boolean; specifications: { [x: string]: unknown; }; pricingSpecs: { [x: string]: unknown; }; inboxFeatures: { [x: string]: unknown; }; warmupFeatures: { ...; }; ... 41 more ...; integrations?: string[] | undefined; }'.
          Type 'FieldValues' is missing the following properties from type '{ name: string; websiteUrl: string; isFeatured: boolean; isSelfHosted: boolean; specifications: { [x: string]: unknown; }; pricingSpecs: { [x: string]: unknown; }; inboxFeatures: { [x: string]: unknown; }; warmupFeatures: { ...; }; ... 41 more ...; integrations?: string[] | undefined; }': name, websiteUrl, isFeatured, isSelfHosted, and 12 more.
app/admin/tools/_components/tool-form.tsx(522,13): error TS2322: Type 'Control<{ name: string; websiteUrl: string; isFeatured: boolean; isSelfHosted: boolean; specifications: { [x: string]: unknown; }; pricingSpecs: { [x: string]: unknown; }; inboxFeatures: { [x: string]: unknown; }; warmupFeatures: { ...; }; ... 41 more ...; integrations?: string[] | undefined; }, any, TFieldValues>' is not assignable to type 'Control<{ name: string; websiteUrl: string; isFeatured: boolean; isSelfHosted: boolean; specifications: { [x: string]: unknown; }; pricingSpecs: { [x: string]: unknown; }; inboxFeatures: { [x: string]: unknown; }; warmupFeatures: { ...; }; ... 41 more ...; integrations?: string[] | undefined; }, any, { ...; }>'.
  The types of '_options.resolver' are incompatible between these types.
    Type 'Resolver<{ name: string; websiteUrl: string; isFeatured: boolean; isSelfHosted: boolean; specifications: { [x: string]: unknown; }; pricingSpecs: { [x: string]: unknown; }; inboxFeatures: { [x: string]: unknown; }; warmupFeatures: { ...; }; ... 41 more ...; integrations?: string[] | undefined; }, any, TFieldValues> ...' is not assignable to type 'Resolver<{ name: string; websiteUrl: string; isFeatured: boolean; isSelfHosted: boolean; specifications: { [x: string]: unknown; }; pricingSpecs: { [x: string]: unknown; }; inboxFeatures: { [x: string]: unknown; }; warmupFeatures: { ...; }; ... 41 more ...; integrations?: string[] | undefined; }, any, { ...; }> | un...'.
      Type 'Resolver<{ name: string; websiteUrl: string; isFeatured: boolean; isSelfHosted: boolean; specifications: { [x: string]: unknown; }; pricingSpecs: { [x: string]: unknown; }; inboxFeatures: { [x: string]: unknown; }; warmupFeatures: { ...; }; ... 41 more ...; integrations?: string[] | undefined; }, any, TFieldValues>' is not assignable to type 'Resolver<{ name: string; websiteUrl: string; isFeatured: boolean; isSelfHosted: boolean; specifications: { [x: string]: unknown; }; pricingSpecs: { [x: string]: unknown; }; inboxFeatures: { [x: string]: unknown; }; warmupFeatures: { ...; }; ... 41 more ...; integrations?: string[] | undefined; }, any, { ...; }>'.
        Type 'TFieldValues' is not assignable to type '{ name: string; websiteUrl: string; isFeatured: boolean; isSelfHosted: boolean; specifications: { [x: string]: unknown; }; pricingSpecs: { [x: string]: unknown; }; inboxFeatures: { [x: string]: unknown; }; warmupFeatures: { ...; }; ... 41 more ...; integrations?: string[] | undefined; }'.
          Type 'FieldValues' is missing the following properties from type '{ name: string; websiteUrl: string; isFeatured: boolean; isSelfHosted: boolean; specifications: { [x: string]: unknown; }; pricingSpecs: { [x: string]: unknown; }; inboxFeatures: { [x: string]: unknown; }; warmupFeatures: { ...; }; ... 41 more ...; integrations?: string[] | undefined; }': name, websiteUrl, isFeatured, isSelfHosted, and 12 more.
app/admin/tools/_components/tool-form.tsx(536,13): error TS2322: Type 'Control<{ name: string; websiteUrl: string; isFeatured: boolean; isSelfHosted: boolean; specifications: { [x: string]: unknown; }; pricingSpecs: { [x: string]: unknown; }; inboxFeatures: { [x: string]: unknown; }; warmupFeatures: { ...; }; ... 41 more ...; integrations?: string[] | undefined; }, any, TFieldValues>' is not assignable to type 'Control<{ name: string; websiteUrl: string; isFeatured: boolean; isSelfHosted: boolean; specifications: { [x: string]: unknown; }; pricingSpecs: { [x: string]: unknown; }; inboxFeatures: { [x: string]: unknown; }; warmupFeatures: { ...; }; ... 41 more ...; integrations?: string[] | undefined; }, any, { ...; }>'.
  The types of '_options.resolver' are incompatible between these types.
    Type 'Resolver<{ name: string; websiteUrl: string; isFeatured: boolean; isSelfHosted: boolean; specifications: { [x: string]: unknown; }; pricingSpecs: { [x: string]: unknown; }; inboxFeatures: { [x: string]: unknown; }; warmupFeatures: { ...; }; ... 41 more ...; integrations?: string[] | undefined; }, any, TFieldValues> ...' is not assignable to type 'Resolver<{ name: string; websiteUrl: string; isFeatured: boolean; isSelfHosted: boolean; specifications: { [x: string]: unknown; }; pricingSpecs: { [x: string]: unknown; }; inboxFeatures: { [x: string]: unknown; }; warmupFeatures: { ...; }; ... 41 more ...; integrations?: string[] | undefined; }, any, { ...; }> | un...'.
      Type 'Resolver<{ name: string; websiteUrl: string; isFeatured: boolean; isSelfHosted: boolean; specifications: { [x: string]: unknown; }; pricingSpecs: { [x: string]: unknown; }; inboxFeatures: { [x: string]: unknown; }; warmupFeatures: { ...; }; ... 41 more ...; integrations?: string[] | undefined; }, any, TFieldValues>' is not assignable to type 'Resolver<{ name: string; websiteUrl: string; isFeatured: boolean; isSelfHosted: boolean; specifications: { [x: string]: unknown; }; pricingSpecs: { [x: string]: unknown; }; inboxFeatures: { [x: string]: unknown; }; warmupFeatures: { ...; }; ... 41 more ...; integrations?: string[] | undefined; }, any, { ...; }>'.
        Type 'TFieldValues' is not assignable to type '{ name: string; websiteUrl: string; isFeatured: boolean; isSelfHosted: boolean; specifications: { [x: string]: unknown; }; pricingSpecs: { [x: string]: unknown; }; inboxFeatures: { [x: string]: unknown; }; warmupFeatures: { ...; }; ... 41 more ...; integrations?: string[] | undefined; }'.
          Type 'FieldValues' is missing the following properties from type '{ name: string; websiteUrl: string; isFeatured: boolean; isSelfHosted: boolean; specifications: { [x: string]: unknown; }; pricingSpecs: { [x: string]: unknown; }; inboxFeatures: { [x: string]: unknown; }; warmupFeatures: { ...; }; ... 41 more ...; integrations?: string[] | undefined; }': name, websiteUrl, isFeatured, isSelfHosted, and 12 more.
app/admin/tools/_components/tool-form.tsx(552,13): error TS2322: Type 'Control<{ name: string; websiteUrl: string; isFeatured: boolean; isSelfHosted: boolean; specifications: { [x: string]: unknown; }; pricingSpecs: { [x: string]: unknown; }; inboxFeatures: { [x: string]: unknown; }; warmupFeatures: { ...; }; ... 41 more ...; integrations?: string[] | undefined; }, any, TFieldValues>' is not assignable to type 'Control<{ name: string; websiteUrl: string; isFeatured: boolean; isSelfHosted: boolean; specifications: { [x: string]: unknown; }; pricingSpecs: { [x: string]: unknown; }; inboxFeatures: { [x: string]: unknown; }; warmupFeatures: { ...; }; ... 41 more ...; integrations?: string[] | undefined; }, any, { ...; }>'.
  The types of '_options.resolver' are incompatible between these types.
    Type 'Resolver<{ name: string; websiteUrl: string; isFeatured: boolean; isSelfHosted: boolean; specifications: { [x: string]: unknown; }; pricingSpecs: { [x: string]: unknown; }; inboxFeatures: { [x: string]: unknown; }; warmupFeatures: { ...; }; ... 41 more ...; integrations?: string[] | undefined; }, any, TFieldValues> ...' is not assignable to type 'Resolver<{ name: string; websiteUrl: string; isFeatured: boolean; isSelfHosted: boolean; specifications: { [x: string]: unknown; }; pricingSpecs: { [x: string]: unknown; }; inboxFeatures: { [x: string]: unknown; }; warmupFeatures: { ...; }; ... 41 more ...; integrations?: string[] | undefined; }, any, { ...; }> | un...'.
      Type 'Resolver<{ name: string; websiteUrl: string; isFeatured: boolean; isSelfHosted: boolean; specifications: { [x: string]: unknown; }; pricingSpecs: { [x: string]: unknown; }; inboxFeatures: { [x: string]: unknown; }; warmupFeatures: { ...; }; ... 41 more ...; integrations?: string[] | undefined; }, any, TFieldValues>' is not assignable to type 'Resolver<{ name: string; websiteUrl: string; isFeatured: boolean; isSelfHosted: boolean; specifications: { [x: string]: unknown; }; pricingSpecs: { [x: string]: unknown; }; inboxFeatures: { [x: string]: unknown; }; warmupFeatures: { ...; }; ... 41 more ...; integrations?: string[] | undefined; }, any, { ...; }>'.
        Type 'TFieldValues' is not assignable to type '{ name: string; websiteUrl: string; isFeatured: boolean; isSelfHosted: boolean; specifications: { [x: string]: unknown; }; pricingSpecs: { [x: string]: unknown; }; inboxFeatures: { [x: string]: unknown; }; warmupFeatures: { ...; }; ... 41 more ...; integrations?: string[] | undefined; }'.
          Type 'FieldValues' is missing the following properties from type '{ name: string; websiteUrl: string; isFeatured: boolean; isSelfHosted: boolean; specifications: { [x: string]: unknown; }; pricingSpecs: { [x: string]: unknown; }; inboxFeatures: { [x: string]: unknown; }; warmupFeatures: { ...; }; ... 41 more ...; integrations?: string[] | undefined; }': name, websiteUrl, isFeatured, isSelfHosted, and 12 more.
app/admin/tools/_components/tool-form.tsx(566,13): error TS2322: Type 'Control<{ name: string; websiteUrl: string; isFeatured: boolean; isSelfHosted: boolean; specifications: { [x: string]: unknown; }; pricingSpecs: { [x: string]: unknown; }; inboxFeatures: { [x: string]: unknown; }; warmupFeatures: { ...; }; ... 41 more ...; integrations?: string[] | undefined; }, any, TFieldValues>' is not assignable to type 'Control<{ name: string; websiteUrl: string; isFeatured: boolean; isSelfHosted: boolean; specifications: { [x: string]: unknown; }; pricingSpecs: { [x: string]: unknown; }; inboxFeatures: { [x: string]: unknown; }; warmupFeatures: { ...; }; ... 41 more ...; integrations?: string[] | undefined; }, any, { ...; }>'.
  The types of '_options.resolver' are incompatible between these types.
    Type 'Resolver<{ name: string; websiteUrl: string; isFeatured: boolean; isSelfHosted: boolean; specifications: { [x: string]: unknown; }; pricingSpecs: { [x: string]: unknown; }; inboxFeatures: { [x: string]: unknown; }; warmupFeatures: { ...; }; ... 41 more ...; integrations?: string[] | undefined; }, any, TFieldValues> ...' is not assignable to type 'Resolver<{ name: string; websiteUrl: string; isFeatured: boolean; isSelfHosted: boolean; specifications: { [x: string]: unknown; }; pricingSpecs: { [x: string]: unknown; }; inboxFeatures: { [x: string]: unknown; }; warmupFeatures: { ...; }; ... 41 more ...; integrations?: string[] | undefined; }, any, { ...; }> | un...'.
      Type 'Resolver<{ name: string; websiteUrl: string; isFeatured: boolean; isSelfHosted: boolean; specifications: { [x: string]: unknown; }; pricingSpecs: { [x: string]: unknown; }; inboxFeatures: { [x: string]: unknown; }; warmupFeatures: { ...; }; ... 41 more ...; integrations?: string[] | undefined; }, any, TFieldValues>' is not assignable to type 'Resolver<{ name: string; websiteUrl: string; isFeatured: boolean; isSelfHosted: boolean; specifications: { [x: string]: unknown; }; pricingSpecs: { [x: string]: unknown; }; inboxFeatures: { [x: string]: unknown; }; warmupFeatures: { ...; }; ... 41 more ...; integrations?: string[] | undefined; }, any, { ...; }>'.
        Type 'TFieldValues' is not assignable to type '{ name: string; websiteUrl: string; isFeatured: boolean; isSelfHosted: boolean; specifications: { [x: string]: unknown; }; pricingSpecs: { [x: string]: unknown; }; inboxFeatures: { [x: string]: unknown; }; warmupFeatures: { ...; }; ... 41 more ...; integrations?: string[] | undefined; }'.
          Type 'FieldValues' is missing the following properties from type '{ name: string; websiteUrl: string; isFeatured: boolean; isSelfHosted: boolean; specifications: { [x: string]: unknown; }; pricingSpecs: { [x: string]: unknown; }; inboxFeatures: { [x: string]: unknown; }; warmupFeatures: { ...; }; ... 41 more ...; integrations?: string[] | undefined; }': name, websiteUrl, isFeatured, isSelfHosted, and 12 more.
app/admin/tools/_components/tool-form.tsx(582,13): error TS2322: Type 'Control<{ name: string; websiteUrl: string; isFeatured: boolean; isSelfHosted: boolean; specifications: { [x: string]: unknown; }; pricingSpecs: { [x: string]: unknown; }; inboxFeatures: { [x: string]: unknown; }; warmupFeatures: { ...; }; ... 41 more ...; integrations?: string[] | undefined; }, any, TFieldValues>' is not assignable to type 'Control<{ name: string; websiteUrl: string; isFeatured: boolean; isSelfHosted: boolean; specifications: { [x: string]: unknown; }; pricingSpecs: { [x: string]: unknown; }; inboxFeatures: { [x: string]: unknown; }; warmupFeatures: { ...; }; ... 41 more ...; integrations?: string[] | undefined; }, any, { ...; }>'.
  The types of '_options.resolver' are incompatible between these types.
    Type 'Resolver<{ name: string; websiteUrl: string; isFeatured: boolean; isSelfHosted: boolean; specifications: { [x: string]: unknown; }; pricingSpecs: { [x: string]: unknown; }; inboxFeatures: { [x: string]: unknown; }; warmupFeatures: { ...; }; ... 41 more ...; integrations?: string[] | undefined; }, any, TFieldValues> ...' is not assignable to type 'Resolver<{ name: string; websiteUrl: string; isFeatured: boolean; isSelfHosted: boolean; specifications: { [x: string]: unknown; }; pricingSpecs: { [x: string]: unknown; }; inboxFeatures: { [x: string]: unknown; }; warmupFeatures: { ...; }; ... 41 more ...; integrations?: string[] | undefined; }, any, { ...; }> | un...'.
      Type 'Resolver<{ name: string; websiteUrl: string; isFeatured: boolean; isSelfHosted: boolean; specifications: { [x: string]: unknown; }; pricingSpecs: { [x: string]: unknown; }; inboxFeatures: { [x: string]: unknown; }; warmupFeatures: { ...; }; ... 41 more ...; integrations?: string[] | undefined; }, any, TFieldValues>' is not assignable to type 'Resolver<{ name: string; websiteUrl: string; isFeatured: boolean; isSelfHosted: boolean; specifications: { [x: string]: unknown; }; pricingSpecs: { [x: string]: unknown; }; inboxFeatures: { [x: string]: unknown; }; warmupFeatures: { ...; }; ... 41 more ...; integrations?: string[] | undefined; }, any, { ...; }>'.
        Type 'TFieldValues' is not assignable to type '{ name: string; websiteUrl: string; isFeatured: boolean; isSelfHosted: boolean; specifications: { [x: string]: unknown; }; pricingSpecs: { [x: string]: unknown; }; inboxFeatures: { [x: string]: unknown; }; warmupFeatures: { ...; }; ... 41 more ...; integrations?: string[] | undefined; }'.
          Type 'FieldValues' is missing the following properties from type '{ name: string; websiteUrl: string; isFeatured: boolean; isSelfHosted: boolean; specifications: { [x: string]: unknown; }; pricingSpecs: { [x: string]: unknown; }; inboxFeatures: { [x: string]: unknown; }; warmupFeatures: { ...; }; ... 41 more ...; integrations?: string[] | undefined; }': name, websiteUrl, isFeatured, isSelfHosted, and 12 more.
app/admin/tools/_components/tool-form.tsx(596,13): error TS2322: Type 'Control<{ name: string; websiteUrl: string; isFeatured: boolean; isSelfHosted: boolean; specifications: { [x: string]: unknown; }; pricingSpecs: { [x: string]: unknown; }; inboxFeatures: { [x: string]: unknown; }; warmupFeatures: { ...; }; ... 41 more ...; integrations?: string[] | undefined; }, any, TFieldValues>' is not assignable to type 'Control<{ name: string; websiteUrl: string; isFeatured: boolean; isSelfHosted: boolean; specifications: { [x: string]: unknown; }; pricingSpecs: { [x: string]: unknown; }; inboxFeatures: { [x: string]: unknown; }; warmupFeatures: { ...; }; ... 41 more ...; integrations?: string[] | undefined; }, any, { ...; }>'.
  The types of '_options.resolver' are incompatible between these types.
    Type 'Resolver<{ name: string; websiteUrl: string; isFeatured: boolean; isSelfHosted: boolean; specifications: { [x: string]: unknown; }; pricingSpecs: { [x: string]: unknown; }; inboxFeatures: { [x: string]: unknown; }; warmupFeatures: { ...; }; ... 41 more ...; integrations?: string[] | undefined; }, any, TFieldValues> ...' is not assignable to type 'Resolver<{ name: string; websiteUrl: string; isFeatured: boolean; isSelfHosted: boolean; specifications: { [x: string]: unknown; }; pricingSpecs: { [x: string]: unknown; }; inboxFeatures: { [x: string]: unknown; }; warmupFeatures: { ...; }; ... 41 more ...; integrations?: string[] | undefined; }, any, { ...; }> | un...'.
      Type 'Resolver<{ name: string; websiteUrl: string; isFeatured: boolean; isSelfHosted: boolean; specifications: { [x: string]: unknown; }; pricingSpecs: { [x: string]: unknown; }; inboxFeatures: { [x: string]: unknown; }; warmupFeatures: { ...; }; ... 41 more ...; integrations?: string[] | undefined; }, any, TFieldValues>' is not assignable to type 'Resolver<{ name: string; websiteUrl: string; isFeatured: boolean; isSelfHosted: boolean; specifications: { [x: string]: unknown; }; pricingSpecs: { [x: string]: unknown; }; inboxFeatures: { [x: string]: unknown; }; warmupFeatures: { ...; }; ... 41 more ...; integrations?: string[] | undefined; }, any, { ...; }>'.
        Type 'TFieldValues' is not assignable to type '{ name: string; websiteUrl: string; isFeatured: boolean; isSelfHosted: boolean; specifications: { [x: string]: unknown; }; pricingSpecs: { [x: string]: unknown; }; inboxFeatures: { [x: string]: unknown; }; warmupFeatures: { ...; }; ... 41 more ...; integrations?: string[] | undefined; }'.
          Type 'FieldValues' is missing the following properties from type '{ name: string; websiteUrl: string; isFeatured: boolean; isSelfHosted: boolean; specifications: { [x: string]: unknown; }; pricingSpecs: { [x: string]: unknown; }; inboxFeatures: { [x: string]: unknown; }; warmupFeatures: { ...; }; ... 41 more ...; integrations?: string[] | undefined; }': name, websiteUrl, isFeatured, isSelfHosted, and 12 more.
app/admin/tools/_components/tool-form.tsx(610,13): error TS2322: Type 'Control<{ name: string; websiteUrl: string; isFeatured: boolean; isSelfHosted: boolean; specifications: { [x: string]: unknown; }; pricingSpecs: { [x: string]: unknown; }; inboxFeatures: { [x: string]: unknown; }; warmupFeatures: { ...; }; ... 41 more ...; integrations?: string[] | undefined; }, any, TFieldValues>' is not assignable to type 'Control<{ name: string; websiteUrl: string; isFeatured: boolean; isSelfHosted: boolean; specifications: { [x: string]: unknown; }; pricingSpecs: { [x: string]: unknown; }; inboxFeatures: { [x: string]: unknown; }; warmupFeatures: { ...; }; ... 41 more ...; integrations?: string[] | undefined; }, any, { ...; }>'.
  The types of '_options.resolver' are incompatible between these types.
    Type 'Resolver<{ name: string; websiteUrl: string; isFeatured: boolean; isSelfHosted: boolean; specifications: { [x: string]: unknown; }; pricingSpecs: { [x: string]: unknown; }; inboxFeatures: { [x: string]: unknown; }; warmupFeatures: { ...; }; ... 41 more ...; integrations?: string[] | undefined; }, any, TFieldValues> ...' is not assignable to type 'Resolver<{ name: string; websiteUrl: string; isFeatured: boolean; isSelfHosted: boolean; specifications: { [x: string]: unknown; }; pricingSpecs: { [x: string]: unknown; }; inboxFeatures: { [x: string]: unknown; }; warmupFeatures: { ...; }; ... 41 more ...; integrations?: string[] | undefined; }, any, { ...; }> | un...'.
      Type 'Resolver<{ name: string; websiteUrl: string; isFeatured: boolean; isSelfHosted: boolean; specifications: { [x: string]: unknown; }; pricingSpecs: { [x: string]: unknown; }; inboxFeatures: { [x: string]: unknown; }; warmupFeatures: { ...; }; ... 41 more ...; integrations?: string[] | undefined; }, any, TFieldValues>' is not assignable to type 'Resolver<{ name: string; websiteUrl: string; isFeatured: boolean; isSelfHosted: boolean; specifications: { [x: string]: unknown; }; pricingSpecs: { [x: string]: unknown; }; inboxFeatures: { [x: string]: unknown; }; warmupFeatures: { ...; }; ... 41 more ...; integrations?: string[] | undefined; }, any, { ...; }>'.
        Type 'TFieldValues' is not assignable to type '{ name: string; websiteUrl: string; isFeatured: boolean; isSelfHosted: boolean; specifications: { [x: string]: unknown; }; pricingSpecs: { [x: string]: unknown; }; inboxFeatures: { [x: string]: unknown; }; warmupFeatures: { ...; }; ... 41 more ...; integrations?: string[] | undefined; }'.
          Type 'FieldValues' is missing the following properties from type '{ name: string; websiteUrl: string; isFeatured: boolean; isSelfHosted: boolean; specifications: { [x: string]: unknown; }; pricingSpecs: { [x: string]: unknown; }; inboxFeatures: { [x: string]: unknown; }; warmupFeatures: { ...; }; ... 41 more ...; integrations?: string[] | undefined; }': name, websiteUrl, isFeatured, isSelfHosted, and 12 more.
app/admin/tools/_components/tool-form.tsx(624,13): error TS2322: Type 'Control<{ name: string; websiteUrl: string; isFeatured: boolean; isSelfHosted: boolean; specifications: { [x: string]: unknown; }; pricingSpecs: { [x: string]: unknown; }; inboxFeatures: { [x: string]: unknown; }; warmupFeatures: { ...; }; ... 41 more ...; integrations?: string[] | undefined; }, any, TFieldValues>' is not assignable to type 'Control<{ name: string; websiteUrl: string; isFeatured: boolean; isSelfHosted: boolean; specifications: { [x: string]: unknown; }; pricingSpecs: { [x: string]: unknown; }; inboxFeatures: { [x: string]: unknown; }; warmupFeatures: { ...; }; ... 41 more ...; integrations?: string[] | undefined; }, any, { ...; }>'.
  The types of '_options.resolver' are incompatible between these types.
    Type 'Resolver<{ name: string; websiteUrl: string; isFeatured: boolean; isSelfHosted: boolean; specifications: { [x: string]: unknown; }; pricingSpecs: { [x: string]: unknown; }; inboxFeatures: { [x: string]: unknown; }; warmupFeatures: { ...; }; ... 41 more ...; integrations?: string[] | undefined; }, any, TFieldValues> ...' is not assignable to type 'Resolver<{ name: string; websiteUrl: string; isFeatured: boolean; isSelfHosted: boolean; specifications: { [x: string]: unknown; }; pricingSpecs: { [x: string]: unknown; }; inboxFeatures: { [x: string]: unknown; }; warmupFeatures: { ...; }; ... 41 more ...; integrations?: string[] | undefined; }, any, { ...; }> | un...'.
      Type 'Resolver<{ name: string; websiteUrl: string; isFeatured: boolean; isSelfHosted: boolean; specifications: { [x: string]: unknown; }; pricingSpecs: { [x: string]: unknown; }; inboxFeatures: { [x: string]: unknown; }; warmupFeatures: { ...; }; ... 41 more ...; integrations?: string[] | undefined; }, any, TFieldValues>' is not assignable to type 'Resolver<{ name: string; websiteUrl: string; isFeatured: boolean; isSelfHosted: boolean; specifications: { [x: string]: unknown; }; pricingSpecs: { [x: string]: unknown; }; inboxFeatures: { [x: string]: unknown; }; warmupFeatures: { ...; }; ... 41 more ...; integrations?: string[] | undefined; }, any, { ...; }>'.
        Type 'TFieldValues' is not assignable to type '{ name: string; websiteUrl: string; isFeatured: boolean; isSelfHosted: boolean; specifications: { [x: string]: unknown; }; pricingSpecs: { [x: string]: unknown; }; inboxFeatures: { [x: string]: unknown; }; warmupFeatures: { ...; }; ... 41 more ...; integrations?: string[] | undefined; }'.
          Type 'FieldValues' is missing the following properties from type '{ name: string; websiteUrl: string; isFeatured: boolean; isSelfHosted: boolean; specifications: { [x: string]: unknown; }; pricingSpecs: { [x: string]: unknown; }; inboxFeatures: { [x: string]: unknown; }; warmupFeatures: { ...; }; ... 41 more ...; integrations?: string[] | undefined; }': name, websiteUrl, isFeatured, isSelfHosted, and 12 more.
app/admin/tools/_components/tool-form.tsx(649,15): error TS2322: Type 'Control<{ name: string; websiteUrl: string; isFeatured: boolean; isSelfHosted: boolean; specifications: { [x: string]: unknown; }; pricingSpecs: { [x: string]: unknown; }; inboxFeatures: { [x: string]: unknown; }; warmupFeatures: { ...; }; ... 41 more ...; integrations?: string[] | undefined; }, any, TFieldValues>' is not assignable to type 'Control<{ name: string; websiteUrl: string; isFeatured: boolean; isSelfHosted: boolean; specifications: { [x: string]: unknown; }; pricingSpecs: { [x: string]: unknown; }; inboxFeatures: { [x: string]: unknown; }; warmupFeatures: { ...; }; ... 41 more ...; integrations?: string[] | undefined; }, any, { ...; }>'.
  The types of '_options.resolver' are incompatible between these types.
    Type 'Resolver<{ name: string; websiteUrl: string; isFeatured: boolean; isSelfHosted: boolean; specifications: { [x: string]: unknown; }; pricingSpecs: { [x: string]: unknown; }; inboxFeatures: { [x: string]: unknown; }; warmupFeatures: { ...; }; ... 41 more ...; integrations?: string[] | undefined; }, any, TFieldValues> ...' is not assignable to type 'Resolver<{ name: string; websiteUrl: string; isFeatured: boolean; isSelfHosted: boolean; specifications: { [x: string]: unknown; }; pricingSpecs: { [x: string]: unknown; }; inboxFeatures: { [x: string]: unknown; }; warmupFeatures: { ...; }; ... 41 more ...; integrations?: string[] | undefined; }, any, { ...; }> | un...'.
      Type 'Resolver<{ name: string; websiteUrl: string; isFeatured: boolean; isSelfHosted: boolean; specifications: { [x: string]: unknown; }; pricingSpecs: { [x: string]: unknown; }; inboxFeatures: { [x: string]: unknown; }; warmupFeatures: { ...; }; ... 41 more ...; integrations?: string[] | undefined; }, any, TFieldValues>' is not assignable to type 'Resolver<{ name: string; websiteUrl: string; isFeatured: boolean; isSelfHosted: boolean; specifications: { [x: string]: unknown; }; pricingSpecs: { [x: string]: unknown; }; inboxFeatures: { [x: string]: unknown; }; warmupFeatures: { ...; }; ... 41 more ...; integrations?: string[] | undefined; }, any, { ...; }>'.
        Type 'TFieldValues' is not assignable to type '{ name: string; websiteUrl: string; isFeatured: boolean; isSelfHosted: boolean; specifications: { [x: string]: unknown; }; pricingSpecs: { [x: string]: unknown; }; inboxFeatures: { [x: string]: unknown; }; warmupFeatures: { ...; }; ... 41 more ...; integrations?: string[] | undefined; }'.
          Type 'FieldValues' is missing the following properties from type '{ name: string; websiteUrl: string; isFeatured: boolean; isSelfHosted: boolean; specifications: { [x: string]: unknown; }; pricingSpecs: { [x: string]: unknown; }; inboxFeatures: { [x: string]: unknown; }; warmupFeatures: { ...; }; ... 41 more ...; integrations?: string[] | undefined; }': name, websiteUrl, isFeatured, isSelfHosted, and 12 more.
app/admin/tools/_components/tool-form.tsx(669,15): error TS2322: Type 'Control<{ name: string; websiteUrl: string; isFeatured: boolean; isSelfHosted: boolean; specifications: { [x: string]: unknown; }; pricingSpecs: { [x: string]: unknown; }; inboxFeatures: { [x: string]: unknown; }; warmupFeatures: { ...; }; ... 41 more ...; integrations?: string[] | undefined; }, any, TFieldValues>' is not assignable to type 'Control<{ name: string; websiteUrl: string; isFeatured: boolean; isSelfHosted: boolean; specifications: { [x: string]: unknown; }; pricingSpecs: { [x: string]: unknown; }; inboxFeatures: { [x: string]: unknown; }; warmupFeatures: { ...; }; ... 41 more ...; integrations?: string[] | undefined; }, any, { ...; }>'.
  The types of '_options.resolver' are incompatible between these types.
    Type 'Resolver<{ name: string; websiteUrl: string; isFeatured: boolean; isSelfHosted: boolean; specifications: { [x: string]: unknown; }; pricingSpecs: { [x: string]: unknown; }; inboxFeatures: { [x: string]: unknown; }; warmupFeatures: { ...; }; ... 41 more ...; integrations?: string[] | undefined; }, any, TFieldValues> ...' is not assignable to type 'Resolver<{ name: string; websiteUrl: string; isFeatured: boolean; isSelfHosted: boolean; specifications: { [x: string]: unknown; }; pricingSpecs: { [x: string]: unknown; }; inboxFeatures: { [x: string]: unknown; }; warmupFeatures: { ...; }; ... 41 more ...; integrations?: string[] | undefined; }, any, { ...; }> | un...'.
      Type 'Resolver<{ name: string; websiteUrl: string; isFeatured: boolean; isSelfHosted: boolean; specifications: { [x: string]: unknown; }; pricingSpecs: { [x: string]: unknown; }; inboxFeatures: { [x: string]: unknown; }; warmupFeatures: { ...; }; ... 41 more ...; integrations?: string[] | undefined; }, any, TFieldValues>' is not assignable to type 'Resolver<{ name: string; websiteUrl: string; isFeatured: boolean; isSelfHosted: boolean; specifications: { [x: string]: unknown; }; pricingSpecs: { [x: string]: unknown; }; inboxFeatures: { [x: string]: unknown; }; warmupFeatures: { ...; }; ... 41 more ...; integrations?: string[] | undefined; }, any, { ...; }>'.
        Type 'TFieldValues' is not assignable to type '{ name: string; websiteUrl: string; isFeatured: boolean; isSelfHosted: boolean; specifications: { [x: string]: unknown; }; pricingSpecs: { [x: string]: unknown; }; inboxFeatures: { [x: string]: unknown; }; warmupFeatures: { ...; }; ... 41 more ...; integrations?: string[] | undefined; }'.
          Type 'FieldValues' is missing the following properties from type '{ name: string; websiteUrl: string; isFeatured: boolean; isSelfHosted: boolean; specifications: { [x: string]: unknown; }; pricingSpecs: { [x: string]: unknown; }; inboxFeatures: { [x: string]: unknown; }; warmupFeatures: { ...; }; ... 41 more ...; integrations?: string[] | undefined; }': name, websiteUrl, isFeatured, isSelfHosted, and 12 more.
app/admin/tools/_components/tool-form.tsx(684,15): error TS2322: Type 'Control<{ name: string; websiteUrl: string; isFeatured: boolean; isSelfHosted: boolean; specifications: { [x: string]: unknown; }; pricingSpecs: { [x: string]: unknown; }; inboxFeatures: { [x: string]: unknown; }; warmupFeatures: { ...; }; ... 41 more ...; integrations?: string[] | undefined; }, any, TFieldValues>' is not assignable to type 'Control<{ name: string; websiteUrl: string; isFeatured: boolean; isSelfHosted: boolean; specifications: { [x: string]: unknown; }; pricingSpecs: { [x: string]: unknown; }; inboxFeatures: { [x: string]: unknown; }; warmupFeatures: { ...; }; ... 41 more ...; integrations?: string[] | undefined; }, any, { ...; }>'.
  The types of '_options.resolver' are incompatible between these types.
    Type 'Resolver<{ name: string; websiteUrl: string; isFeatured: boolean; isSelfHosted: boolean; specifications: { [x: string]: unknown; }; pricingSpecs: { [x: string]: unknown; }; inboxFeatures: { [x: string]: unknown; }; warmupFeatures: { ...; }; ... 41 more ...; integrations?: string[] | undefined; }, any, TFieldValues> ...' is not assignable to type 'Resolver<{ name: string; websiteUrl: string; isFeatured: boolean; isSelfHosted: boolean; specifications: { [x: string]: unknown; }; pricingSpecs: { [x: string]: unknown; }; inboxFeatures: { [x: string]: unknown; }; warmupFeatures: { ...; }; ... 41 more ...; integrations?: string[] | undefined; }, any, { ...; }> | un...'.
      Type 'Resolver<{ name: string; websiteUrl: string; isFeatured: boolean; isSelfHosted: boolean; specifications: { [x: string]: unknown; }; pricingSpecs: { [x: string]: unknown; }; inboxFeatures: { [x: string]: unknown; }; warmupFeatures: { ...; }; ... 41 more ...; integrations?: string[] | undefined; }, any, TFieldValues>' is not assignable to type 'Resolver<{ name: string; websiteUrl: string; isFeatured: boolean; isSelfHosted: boolean; specifications: { [x: string]: unknown; }; pricingSpecs: { [x: string]: unknown; }; inboxFeatures: { [x: string]: unknown; }; warmupFeatures: { ...; }; ... 41 more ...; integrations?: string[] | undefined; }, any, { ...; }>'.
        Type 'TFieldValues' is not assignable to type '{ name: string; websiteUrl: string; isFeatured: boolean; isSelfHosted: boolean; specifications: { [x: string]: unknown; }; pricingSpecs: { [x: string]: unknown; }; inboxFeatures: { [x: string]: unknown; }; warmupFeatures: { ...; }; ... 41 more ...; integrations?: string[] | undefined; }'.
          Type 'FieldValues' is missing the following properties from type '{ name: string; websiteUrl: string; isFeatured: boolean; isSelfHosted: boolean; specifications: { [x: string]: unknown; }; pricingSpecs: { [x: string]: unknown; }; inboxFeatures: { [x: string]: unknown; }; warmupFeatures: { ...; }; ... 41 more ...; integrations?: string[] | undefined; }': name, websiteUrl, isFeatured, isSelfHosted, and 12 more.
app/admin/tools/_components/tool-form.tsx(704,15): error TS2322: Type 'Control<{ name: string; websiteUrl: string; isFeatured: boolean; isSelfHosted: boolean; specifications: { [x: string]: unknown; }; pricingSpecs: { [x: string]: unknown; }; inboxFeatures: { [x: string]: unknown; }; warmupFeatures: { ...; }; ... 41 more ...; integrations?: string[] | undefined; }, any, TFieldValues>' is not assignable to type 'Control<{ name: string; websiteUrl: string; isFeatured: boolean; isSelfHosted: boolean; specifications: { [x: string]: unknown; }; pricingSpecs: { [x: string]: unknown; }; inboxFeatures: { [x: string]: unknown; }; warmupFeatures: { ...; }; ... 41 more ...; integrations?: string[] | undefined; }, any, { ...; }>'.
  The types of '_options.resolver' are incompatible between these types.
    Type 'Resolver<{ name: string; websiteUrl: string; isFeatured: boolean; isSelfHosted: boolean; specifications: { [x: string]: unknown; }; pricingSpecs: { [x: string]: unknown; }; inboxFeatures: { [x: string]: unknown; }; warmupFeatures: { ...; }; ... 41 more ...; integrations?: string[] | undefined; }, any, TFieldValues> ...' is not assignable to type 'Resolver<{ name: string; websiteUrl: string; isFeatured: boolean; isSelfHosted: boolean; specifications: { [x: string]: unknown; }; pricingSpecs: { [x: string]: unknown; }; inboxFeatures: { [x: string]: unknown; }; warmupFeatures: { ...; }; ... 41 more ...; integrations?: string[] | undefined; }, any, { ...; }> | un...'.
      Type 'Resolver<{ name: string; websiteUrl: string; isFeatured: boolean; isSelfHosted: boolean; specifications: { [x: string]: unknown; }; pricingSpecs: { [x: string]: unknown; }; inboxFeatures: { [x: string]: unknown; }; warmupFeatures: { ...; }; ... 41 more ...; integrations?: string[] | undefined; }, any, TFieldValues>' is not assignable to type 'Resolver<{ name: string; websiteUrl: string; isFeatured: boolean; isSelfHosted: boolean; specifications: { [x: string]: unknown; }; pricingSpecs: { [x: string]: unknown; }; inboxFeatures: { [x: string]: unknown; }; warmupFeatures: { ...; }; ... 41 more ...; integrations?: string[] | undefined; }, any, { ...; }>'.
        Type 'TFieldValues' is not assignable to type '{ name: string; websiteUrl: string; isFeatured: boolean; isSelfHosted: boolean; specifications: { [x: string]: unknown; }; pricingSpecs: { [x: string]: unknown; }; inboxFeatures: { [x: string]: unknown; }; warmupFeatures: { ...; }; ... 41 more ...; integrations?: string[] | undefined; }'.
          Type 'FieldValues' is missing the following properties from type '{ name: string; websiteUrl: string; isFeatured: boolean; isSelfHosted: boolean; specifications: { [x: string]: unknown; }; pricingSpecs: { [x: string]: unknown; }; inboxFeatures: { [x: string]: unknown; }; warmupFeatures: { ...; }; ... 41 more ...; integrations?: string[] | undefined; }': name, websiteUrl, isFeatured, isSelfHosted, and 12 more.
app/admin/tools/_components/tool-form.tsx(719,15): error TS2322: Type 'Control<{ name: string; websiteUrl: string; isFeatured: boolean; isSelfHosted: boolean; specifications: { [x: string]: unknown; }; pricingSpecs: { [x: string]: unknown; }; inboxFeatures: { [x: string]: unknown; }; warmupFeatures: { ...; }; ... 41 more ...; integrations?: string[] | undefined; }, any, TFieldValues>' is not assignable to type 'Control<{ name: string; websiteUrl: string; isFeatured: boolean; isSelfHosted: boolean; specifications: { [x: string]: unknown; }; pricingSpecs: { [x: string]: unknown; }; inboxFeatures: { [x: string]: unknown; }; warmupFeatures: { ...; }; ... 41 more ...; integrations?: string[] | undefined; }, any, { ...; }>'.
  The types of '_options.resolver' are incompatible between these types.
    Type 'Resolver<{ name: string; websiteUrl: string; isFeatured: boolean; isSelfHosted: boolean; specifications: { [x: string]: unknown; }; pricingSpecs: { [x: string]: unknown; }; inboxFeatures: { [x: string]: unknown; }; warmupFeatures: { ...; }; ... 41 more ...; integrations?: string[] | undefined; }, any, TFieldValues> ...' is not assignable to type 'Resolver<{ name: string; websiteUrl: string; isFeatured: boolean; isSelfHosted: boolean; specifications: { [x: string]: unknown; }; pricingSpecs: { [x: string]: unknown; }; inboxFeatures: { [x: string]: unknown; }; warmupFeatures: { ...; }; ... 41 more ...; integrations?: string[] | undefined; }, any, { ...; }> | un...'.
      Type 'Resolver<{ name: string; websiteUrl: string; isFeatured: boolean; isSelfHosted: boolean; specifications: { [x: string]: unknown; }; pricingSpecs: { [x: string]: unknown; }; inboxFeatures: { [x: string]: unknown; }; warmupFeatures: { ...; }; ... 41 more ...; integrations?: string[] | undefined; }, any, TFieldValues>' is not assignable to type 'Resolver<{ name: string; websiteUrl: string; isFeatured: boolean; isSelfHosted: boolean; specifications: { [x: string]: unknown; }; pricingSpecs: { [x: string]: unknown; }; inboxFeatures: { [x: string]: unknown; }; warmupFeatures: { ...; }; ... 41 more ...; integrations?: string[] | undefined; }, any, { ...; }>'.
        Type 'TFieldValues' is not assignable to type '{ name: string; websiteUrl: string; isFeatured: boolean; isSelfHosted: boolean; specifications: { [x: string]: unknown; }; pricingSpecs: { [x: string]: unknown; }; inboxFeatures: { [x: string]: unknown; }; warmupFeatures: { ...; }; ... 41 more ...; integrations?: string[] | undefined; }'.
          Type 'FieldValues' is missing the following properties from type '{ name: string; websiteUrl: string; isFeatured: boolean; isSelfHosted: boolean; specifications: { [x: string]: unknown; }; pricingSpecs: { [x: string]: unknown; }; inboxFeatures: { [x: string]: unknown; }; warmupFeatures: { ...; }; ... 41 more ...; integrations?: string[] | undefined; }': name, websiteUrl, isFeatured, isSelfHosted, and 12 more.
app/admin/tools/_components/tool-form.tsx(739,15): error TS2322: Type 'Control<{ name: string; websiteUrl: string; isFeatured: boolean; isSelfHosted: boolean; specifications: { [x: string]: unknown; }; pricingSpecs: { [x: string]: unknown; }; inboxFeatures: { [x: string]: unknown; }; warmupFeatures: { ...; }; ... 41 more ...; integrations?: string[] | undefined; }, any, TFieldValues>' is not assignable to type 'Control<{ name: string; websiteUrl: string; isFeatured: boolean; isSelfHosted: boolean; specifications: { [x: string]: unknown; }; pricingSpecs: { [x: string]: unknown; }; inboxFeatures: { [x: string]: unknown; }; warmupFeatures: { ...; }; ... 41 more ...; integrations?: string[] | undefined; }, any, { ...; }>'.
  The types of '_options.resolver' are incompatible between these types.
    Type 'Resolver<{ name: string; websiteUrl: string; isFeatured: boolean; isSelfHosted: boolean; specifications: { [x: string]: unknown; }; pricingSpecs: { [x: string]: unknown; }; inboxFeatures: { [x: string]: unknown; }; warmupFeatures: { ...; }; ... 41 more ...; integrations?: string[] | undefined; }, any, TFieldValues> ...' is not assignable to type 'Resolver<{ name: string; websiteUrl: string; isFeatured: boolean; isSelfHosted: boolean; specifications: { [x: string]: unknown; }; pricingSpecs: { [x: string]: unknown; }; inboxFeatures: { [x: string]: unknown; }; warmupFeatures: { ...; }; ... 41 more ...; integrations?: string[] | undefined; }, any, { ...; }> | un...'.
      Type 'Resolver<{ name: string; websiteUrl: string; isFeatured: boolean; isSelfHosted: boolean; specifications: { [x: string]: unknown; }; pricingSpecs: { [x: string]: unknown; }; inboxFeatures: { [x: string]: unknown; }; warmupFeatures: { ...; }; ... 41 more ...; integrations?: string[] | undefined; }, any, TFieldValues>' is not assignable to type 'Resolver<{ name: string; websiteUrl: string; isFeatured: boolean; isSelfHosted: boolean; specifications: { [x: string]: unknown; }; pricingSpecs: { [x: string]: unknown; }; inboxFeatures: { [x: string]: unknown; }; warmupFeatures: { ...; }; ... 41 more ...; integrations?: string[] | undefined; }, any, { ...; }>'.
        Type 'TFieldValues' is not assignable to type '{ name: string; websiteUrl: string; isFeatured: boolean; isSelfHosted: boolean; specifications: { [x: string]: unknown; }; pricingSpecs: { [x: string]: unknown; }; inboxFeatures: { [x: string]: unknown; }; warmupFeatures: { ...; }; ... 41 more ...; integrations?: string[] | undefined; }'.
          Type 'FieldValues' is missing the following properties from type '{ name: string; websiteUrl: string; isFeatured: boolean; isSelfHosted: boolean; specifications: { [x: string]: unknown; }; pricingSpecs: { [x: string]: unknown; }; inboxFeatures: { [x: string]: unknown; }; warmupFeatures: { ...; }; ... 41 more ...; integrations?: string[] | undefined; }': name, websiteUrl, isFeatured, isSelfHosted, and 12 more.
app/admin/tools/_components/tool-form.tsx(754,15): error TS2322: Type 'Control<{ name: string; websiteUrl: string; isFeatured: boolean; isSelfHosted: boolean; specifications: { [x: string]: unknown; }; pricingSpecs: { [x: string]: unknown; }; inboxFeatures: { [x: string]: unknown; }; warmupFeatures: { ...; }; ... 41 more ...; integrations?: string[] | undefined; }, any, TFieldValues>' is not assignable to type 'Control<{ name: string; websiteUrl: string; isFeatured: boolean; isSelfHosted: boolean; specifications: { [x: string]: unknown; }; pricingSpecs: { [x: string]: unknown; }; inboxFeatures: { [x: string]: unknown; }; warmupFeatures: { ...; }; ... 41 more ...; integrations?: string[] | undefined; }, any, { ...; }>'.
  The types of '_options.resolver' are incompatible between these types.
    Type 'Resolver<{ name: string; websiteUrl: string; isFeatured: boolean; isSelfHosted: boolean; specifications: { [x: string]: unknown; }; pricingSpecs: { [x: string]: unknown; }; inboxFeatures: { [x: string]: unknown; }; warmupFeatures: { ...; }; ... 41 more ...; integrations?: string[] | undefined; }, any, TFieldValues> ...' is not assignable to type 'Resolver<{ name: string; websiteUrl: string; isFeatured: boolean; isSelfHosted: boolean; specifications: { [x: string]: unknown; }; pricingSpecs: { [x: string]: unknown; }; inboxFeatures: { [x: string]: unknown; }; warmupFeatures: { ...; }; ... 41 more ...; integrations?: string[] | undefined; }, any, { ...; }> | un...'.
      Type 'Resolver<{ name: string; websiteUrl: string; isFeatured: boolean; isSelfHosted: boolean; specifications: { [x: string]: unknown; }; pricingSpecs: { [x: string]: unknown; }; inboxFeatures: { [x: string]: unknown; }; warmupFeatures: { ...; }; ... 41 more ...; integrations?: string[] | undefined; }, any, TFieldValues>' is not assignable to type 'Resolver<{ name: string; websiteUrl: string; isFeatured: boolean; isSelfHosted: boolean; specifications: { [x: string]: unknown; }; pricingSpecs: { [x: string]: unknown; }; inboxFeatures: { [x: string]: unknown; }; warmupFeatures: { ...; }; ... 41 more ...; integrations?: string[] | undefined; }, any, { ...; }>'.
        Type 'TFieldValues' is not assignable to type '{ name: string; websiteUrl: string; isFeatured: boolean; isSelfHosted: boolean; specifications: { [x: string]: unknown; }; pricingSpecs: { [x: string]: unknown; }; inboxFeatures: { [x: string]: unknown; }; warmupFeatures: { ...; }; ... 41 more ...; integrations?: string[] | undefined; }'.
          Type 'FieldValues' is missing the following properties from type '{ name: string; websiteUrl: string; isFeatured: boolean; isSelfHosted: boolean; specifications: { [x: string]: unknown; }; pricingSpecs: { [x: string]: unknown; }; inboxFeatures: { [x: string]: unknown; }; warmupFeatures: { ...; }; ... 41 more ...; integrations?: string[] | undefined; }': name, websiteUrl, isFeatured, isSelfHosted, and 12 more.
app/admin/tools/_components/tool-form.tsx(774,15): error TS2322: Type 'Control<{ name: string; websiteUrl: string; isFeatured: boolean; isSelfHosted: boolean; specifications: { [x: string]: unknown; }; pricingSpecs: { [x: string]: unknown; }; inboxFeatures: { [x: string]: unknown; }; warmupFeatures: { ...; }; ... 41 more ...; integrations?: string[] | undefined; }, any, TFieldValues>' is not assignable to type 'Control<{ name: string; websiteUrl: string; isFeatured: boolean; isSelfHosted: boolean; specifications: { [x: string]: unknown; }; pricingSpecs: { [x: string]: unknown; }; inboxFeatures: { [x: string]: unknown; }; warmupFeatures: { ...; }; ... 41 more ...; integrations?: string[] | undefined; }, any, { ...; }>'.
  The types of '_options.resolver' are incompatible between these types.
    Type 'Resolver<{ name: string; websiteUrl: string; isFeatured: boolean; isSelfHosted: boolean; specifications: { [x: string]: unknown; }; pricingSpecs: { [x: string]: unknown; }; inboxFeatures: { [x: string]: unknown; }; warmupFeatures: { ...; }; ... 41 more ...; integrations?: string[] | undefined; }, any, TFieldValues> ...' is not assignable to type 'Resolver<{ name: string; websiteUrl: string; isFeatured: boolean; isSelfHosted: boolean; specifications: { [x: string]: unknown; }; pricingSpecs: { [x: string]: unknown; }; inboxFeatures: { [x: string]: unknown; }; warmupFeatures: { ...; }; ... 41 more ...; integrations?: string[] | undefined; }, any, { ...; }> | un...'.
      Type 'Resolver<{ name: string; websiteUrl: string; isFeatured: boolean; isSelfHosted: boolean; specifications: { [x: string]: unknown; }; pricingSpecs: { [x: string]: unknown; }; inboxFeatures: { [x: string]: unknown; }; warmupFeatures: { ...; }; ... 41 more ...; integrations?: string[] | undefined; }, any, TFieldValues>' is not assignable to type 'Resolver<{ name: string; websiteUrl: string; isFeatured: boolean; isSelfHosted: boolean; specifications: { [x: string]: unknown; }; pricingSpecs: { [x: string]: unknown; }; inboxFeatures: { [x: string]: unknown; }; warmupFeatures: { ...; }; ... 41 more ...; integrations?: string[] | undefined; }, any, { ...; }>'.
        Type 'TFieldValues' is not assignable to type '{ name: string; websiteUrl: string; isFeatured: boolean; isSelfHosted: boolean; specifications: { [x: string]: unknown; }; pricingSpecs: { [x: string]: unknown; }; inboxFeatures: { [x: string]: unknown; }; warmupFeatures: { ...; }; ... 41 more ...; integrations?: string[] | undefined; }'.
          Type 'FieldValues' is missing the following properties from type '{ name: string; websiteUrl: string; isFeatured: boolean; isSelfHosted: boolean; specifications: { [x: string]: unknown; }; pricingSpecs: { [x: string]: unknown; }; inboxFeatures: { [x: string]: unknown; }; warmupFeatures: { ...; }; ... 41 more ...; integrations?: string[] | undefined; }': name, websiteUrl, isFeatured, isSelfHosted, and 12 more.
app/admin/tools/_components/tool-form.tsx(789,15): error TS2322: Type 'Control<{ name: string; websiteUrl: string; isFeatured: boolean; isSelfHosted: boolean; specifications: { [x: string]: unknown; }; pricingSpecs: { [x: string]: unknown; }; inboxFeatures: { [x: string]: unknown; }; warmupFeatures: { ...; }; ... 41 more ...; integrations?: string[] | undefined; }, any, TFieldValues>' is not assignable to type 'Control<{ name: string; websiteUrl: string; isFeatured: boolean; isSelfHosted: boolean; specifications: { [x: string]: unknown; }; pricingSpecs: { [x: string]: unknown; }; inboxFeatures: { [x: string]: unknown; }; warmupFeatures: { ...; }; ... 41 more ...; integrations?: string[] | undefined; }, any, { ...; }>'.
  The types of '_options.resolver' are incompatible between these types.
    Type 'Resolver<{ name: string; websiteUrl: string; isFeatured: boolean; isSelfHosted: boolean; specifications: { [x: string]: unknown; }; pricingSpecs: { [x: string]: unknown; }; inboxFeatures: { [x: string]: unknown; }; warmupFeatures: { ...; }; ... 41 more ...; integrations?: string[] | undefined; }, any, TFieldValues> ...' is not assignable to type 'Resolver<{ name: string; websiteUrl: string; isFeatured: boolean; isSelfHosted: boolean; specifications: { [x: string]: unknown; }; pricingSpecs: { [x: string]: unknown; }; inboxFeatures: { [x: string]: unknown; }; warmupFeatures: { ...; }; ... 41 more ...; integrations?: string[] | undefined; }, any, { ...; }> | un...'.
      Type 'Resolver<{ name: string; websiteUrl: string; isFeatured: boolean; isSelfHosted: boolean; specifications: { [x: string]: unknown; }; pricingSpecs: { [x: string]: unknown; }; inboxFeatures: { [x: string]: unknown; }; warmupFeatures: { ...; }; ... 41 more ...; integrations?: string[] | undefined; }, any, TFieldValues>' is not assignable to type 'Resolver<{ name: string; websiteUrl: string; isFeatured: boolean; isSelfHosted: boolean; specifications: { [x: string]: unknown; }; pricingSpecs: { [x: string]: unknown; }; inboxFeatures: { [x: string]: unknown; }; warmupFeatures: { ...; }; ... 41 more ...; integrations?: string[] | undefined; }, any, { ...; }>'.
        Type 'TFieldValues' is not assignable to type '{ name: string; websiteUrl: string; isFeatured: boolean; isSelfHosted: boolean; specifications: { [x: string]: unknown; }; pricingSpecs: { [x: string]: unknown; }; inboxFeatures: { [x: string]: unknown; }; warmupFeatures: { ...; }; ... 41 more ...; integrations?: string[] | undefined; }'.
          Type 'FieldValues' is missing the following properties from type '{ name: string; websiteUrl: string; isFeatured: boolean; isSelfHosted: boolean; specifications: { [x: string]: unknown; }; pricingSpecs: { [x: string]: unknown; }; inboxFeatures: { [x: string]: unknown; }; warmupFeatures: { ...; }; ... 41 more ...; integrations?: string[] | undefined; }': name, websiteUrl, isFeatured, isSelfHosted, and 12 more.
app/admin/tools/_components/tool-form.tsx(809,15): error TS2322: Type 'Control<{ name: string; websiteUrl: string; isFeatured: boolean; isSelfHosted: boolean; specifications: { [x: string]: unknown; }; pricingSpecs: { [x: string]: unknown; }; inboxFeatures: { [x: string]: unknown; }; warmupFeatures: { ...; }; ... 41 more ...; integrations?: string[] | undefined; }, any, TFieldValues>' is not assignable to type 'Control<{ name: string; websiteUrl: string; isFeatured: boolean; isSelfHosted: boolean; specifications: { [x: string]: unknown; }; pricingSpecs: { [x: string]: unknown; }; inboxFeatures: { [x: string]: unknown; }; warmupFeatures: { ...; }; ... 41 more ...; integrations?: string[] | undefined; }, any, { ...; }>'.
  The types of '_options.resolver' are incompatible between these types.
    Type 'Resolver<{ name: string; websiteUrl: string; isFeatured: boolean; isSelfHosted: boolean; specifications: { [x: string]: unknown; }; pricingSpecs: { [x: string]: unknown; }; inboxFeatures: { [x: string]: unknown; }; warmupFeatures: { ...; }; ... 41 more ...; integrations?: string[] | undefined; }, any, TFieldValues> ...' is not assignable to type 'Resolver<{ name: string; websiteUrl: string; isFeatured: boolean; isSelfHosted: boolean; specifications: { [x: string]: unknown; }; pricingSpecs: { [x: string]: unknown; }; inboxFeatures: { [x: string]: unknown; }; warmupFeatures: { ...; }; ... 41 more ...; integrations?: string[] | undefined; }, any, { ...; }> | un...'.
      Type 'Resolver<{ name: string; websiteUrl: string; isFeatured: boolean; isSelfHosted: boolean; specifications: { [x: string]: unknown; }; pricingSpecs: { [x: string]: unknown; }; inboxFeatures: { [x: string]: unknown; }; warmupFeatures: { ...; }; ... 41 more ...; integrations?: string[] | undefined; }, any, TFieldValues>' is not assignable to type 'Resolver<{ name: string; websiteUrl: string; isFeatured: boolean; isSelfHosted: boolean; specifications: { [x: string]: unknown; }; pricingSpecs: { [x: string]: unknown; }; inboxFeatures: { [x: string]: unknown; }; warmupFeatures: { ...; }; ... 41 more ...; integrations?: string[] | undefined; }, any, { ...; }>'.
        Type 'TFieldValues' is not assignable to type '{ name: string; websiteUrl: string; isFeatured: boolean; isSelfHosted: boolean; specifications: { [x: string]: unknown; }; pricingSpecs: { [x: string]: unknown; }; inboxFeatures: { [x: string]: unknown; }; warmupFeatures: { ...; }; ... 41 more ...; integrations?: string[] | undefined; }'.
          Type 'FieldValues' is missing the following properties from type '{ name: string; websiteUrl: string; isFeatured: boolean; isSelfHosted: boolean; specifications: { [x: string]: unknown; }; pricingSpecs: { [x: string]: unknown; }; inboxFeatures: { [x: string]: unknown; }; warmupFeatures: { ...; }; ... 41 more ...; integrations?: string[] | undefined; }': name, websiteUrl, isFeatured, isSelfHosted, and 12 more.
app/admin/tools/_components/tool-form.tsx(824,38): error TS2322: Type 'UseFormReturn<{ name: string; websiteUrl: string; isFeatured: boolean; isSelfHosted: boolean; specifications: { [x: string]: unknown; }; pricingSpecs: { [x: string]: unknown; }; inboxFeatures: { [x: string]: unknown; }; warmupFeatures: { ...; }; ... 41 more ...; integrations?: string[] | undefined; }, any, TFieldVal...' is not assignable to type 'UseFormReturn<{ name: string; websiteUrl: string; isFeatured: boolean; isSelfHosted: boolean; specifications: { [x: string]: unknown; }; pricingSpecs: { [x: string]: unknown; }; inboxFeatures: { [x: string]: unknown; }; warmupFeatures: { ...; }; ... 41 more ...; integrations?: string[] | undefined; }, any, { ...; }>'.
  Types of property 'handleSubmit' are incompatible.
    Type 'UseFormHandleSubmit<{ name: string; websiteUrl: string; isFeatured: boolean; isSelfHosted: boolean; specifications: { [x: string]: unknown; }; pricingSpecs: { [x: string]: unknown; }; inboxFeatures: { [x: string]: unknown; }; warmupFeatures: { ...; }; ... 41 more ...; integrations?: string[] | undefined; }, TFieldVa...' is not assignable to type 'UseFormHandleSubmit<{ name: string; websiteUrl: string; isFeatured: boolean; isSelfHosted: boolean; specifications: { [x: string]: unknown; }; pricingSpecs: { [x: string]: unknown; }; inboxFeatures: { [x: string]: unknown; }; warmupFeatures: { ...; }; ... 41 more ...; integrations?: string[] | undefined; }, { ...; }>'.
      Types of parameters 'onValid' and 'onValid' are incompatible.
        Types of parameters 'data' and 'data' are incompatible.
          Type 'TFieldValues' is not assignable to type '{ name: string; websiteUrl: string; isFeatured: boolean; isSelfHosted: boolean; specifications: { [x: string]: unknown; }; pricingSpecs: { [x: string]: unknown; }; inboxFeatures: { [x: string]: unknown; }; warmupFeatures: { ...; }; ... 41 more ...; integrations?: string[] | undefined; }'.
            Type 'FieldValues' is missing the following properties from type '{ name: string; websiteUrl: string; isFeatured: boolean; isSelfHosted: boolean; specifications: { [x: string]: unknown; }; pricingSpecs: { [x: string]: unknown; }; inboxFeatures: { [x: string]: unknown; }; warmupFeatures: { ...; }; ... 41 more ...; integrations?: string[] | undefined; }': name, websiteUrl, isFeatured, isSelfHosted, and 12 more.
app/admin/tools/_components/tool-form.tsx(828,11): error TS2322: Type 'Control<{ name: string; websiteUrl: string; isFeatured: boolean; isSelfHosted: boolean; specifications: { [x: string]: unknown; }; pricingSpecs: { [x: string]: unknown; }; inboxFeatures: { [x: string]: unknown; }; warmupFeatures: { ...; }; ... 41 more ...; integrations?: string[] | undefined; }, any, TFieldValues>' is not assignable to type 'Control<{ name: string; websiteUrl: string; isFeatured: boolean; isSelfHosted: boolean; specifications: { [x: string]: unknown; }; pricingSpecs: { [x: string]: unknown; }; inboxFeatures: { [x: string]: unknown; }; warmupFeatures: { ...; }; ... 41 more ...; integrations?: string[] | undefined; }, any, { ...; }>'.
  The types of '_options.resolver' are incompatible between these types.
    Type 'Resolver<{ name: string; websiteUrl: string; isFeatured: boolean; isSelfHosted: boolean; specifications: { [x: string]: unknown; }; pricingSpecs: { [x: string]: unknown; }; inboxFeatures: { [x: string]: unknown; }; warmupFeatures: { ...; }; ... 41 more ...; integrations?: string[] | undefined; }, any, TFieldValues> ...' is not assignable to type 'Resolver<{ name: string; websiteUrl: string; isFeatured: boolean; isSelfHosted: boolean; specifications: { [x: string]: unknown; }; pricingSpecs: { [x: string]: unknown; }; inboxFeatures: { [x: string]: unknown; }; warmupFeatures: { ...; }; ... 41 more ...; integrations?: string[] | undefined; }, any, { ...; }> | un...'.
      Type 'Resolver<{ name: string; websiteUrl: string; isFeatured: boolean; isSelfHosted: boolean; specifications: { [x: string]: unknown; }; pricingSpecs: { [x: string]: unknown; }; inboxFeatures: { [x: string]: unknown; }; warmupFeatures: { ...; }; ... 41 more ...; integrations?: string[] | undefined; }, any, TFieldValues>' is not assignable to type 'Resolver<{ name: string; websiteUrl: string; isFeatured: boolean; isSelfHosted: boolean; specifications: { [x: string]: unknown; }; pricingSpecs: { [x: string]: unknown; }; inboxFeatures: { [x: string]: unknown; }; warmupFeatures: { ...; }; ... 41 more ...; integrations?: string[] | undefined; }, any, { ...; }>'.
        Type 'TFieldValues' is not assignable to type '{ name: string; websiteUrl: string; isFeatured: boolean; isSelfHosted: boolean; specifications: { [x: string]: unknown; }; pricingSpecs: { [x: string]: unknown; }; inboxFeatures: { [x: string]: unknown; }; warmupFeatures: { ...; }; ... 41 more ...; integrations?: string[] | undefined; }'.
          Type 'FieldValues' is missing the following properties from type '{ name: string; websiteUrl: string; isFeatured: boolean; isSelfHosted: boolean; specifications: { [x: string]: unknown; }; pricingSpecs: { [x: string]: unknown; }; inboxFeatures: { [x: string]: unknown; }; warmupFeatures: { ...; }; ... 41 more ...; integrations?: string[] | undefined; }': name, websiteUrl, isFeatured, isSelfHosted, and 12 more.
app/admin/tools/_components/tool-form.tsx(882,20): error TS2352: Conversion of type '{ [x: string]: unknown; }' to type 'ToolSpecifications' may be a mistake because neither type sufficiently overlaps with the other. If this was intentional, convert the expression to 'unknown' first.
  Type '{ [x: string]: unknown; }' is missing the following properties from type 'ToolSpecifications': leadDatabaseAccess, emailFinding, emailVerification, emailSending, and 6 more.
app/admin/tools/_components/tool-form.tsx(883,64): error TS2345: Argument of type 'ToolSpecifications' is not assignable to parameter of type '{ [x: string]: unknown; }'.
  Index signature for type 'string' is missing in type 'ToolSpecifications'.
app/admin/tools/_components/tool-form.tsx(888,20): error TS2352: Conversion of type '{ [x: string]: unknown; }' to type 'PricingSpecs' may be a mistake because neither type sufficiently overlaps with the other. If this was intentional, convert the expression to 'unknown' first.
  Type '{ [x: string]: unknown; }' is missing the following properties from type 'PricingSpecs': startingPriceMonthly, freeTrial, freePlan, mostPopularPlanPrice, unlimitedInboxes
app/admin/tools/_components/tool-form.tsx(889,62): error TS2345: Argument of type 'PricingSpecs' is not assignable to parameter of type '{ [x: string]: unknown; }'.
  Index signature for type 'string' is missing in type 'PricingSpecs'.
app/admin/tools/_components/tool-form.tsx(893,20): error TS2352: Conversion of type '{ [x: string]: unknown; }' to type 'InboxFeatures' may be a mistake because neither type sufficiently overlaps with the other. If this was intentional, convert the expression to 'unknown' first.
  Type '{ [x: string]: unknown; }' is missing the following properties from type 'InboxFeatures': inboxesProvided, inboxType, maxInboxes, costPerInbox, and 8 more.
app/admin/tools/_components/tool-form.tsx(894,63): error TS2345: Argument of type 'InboxFeatures' is not assignable to parameter of type '{ [x: string]: unknown; }'.
  Index signature for type 'string' is missing in type 'InboxFeatures'.
app/admin/tools/_components/tool-form.tsx(898,20): error TS2352: Conversion of type '{ [x: string]: unknown; }' to type 'WarmupFeatures' may be a mistake because neither type sufficiently overlaps with the other. If this was intentional, convert the expression to 'unknown' first.
  Type '{ [x: string]: unknown; }' is missing the following properties from type 'WarmupFeatures': warmupIncluded, warmupPoolSize, warmupNetworkType, warmupSpeedControl, and 8 more.
app/admin/tools/_components/tool-form.tsx(899,64): error TS2345: Argument of type 'WarmupFeatures' is not assignable to parameter of type '{ [x: string]: unknown; }'.
  Index signature for type 'string' is missing in type 'WarmupFeatures'.
app/admin/tools/_components/tool-form.tsx(903,20): error TS2352: Conversion of type '{ [x: string]: unknown; }' to type 'LeadsFeatures' may be a mistake because neither type sufficiently overlaps with the other. If this was intentional, convert the expression to 'unknown' first.
  Type '{ [x: string]: unknown; }' is missing the following properties from type 'LeadsFeatures': databaseSize, contactSearch, companySearch, searchFiltersCount, and 11 more.
app/admin/tools/_components/tool-form.tsx(904,63): error TS2345: Argument of type 'LeadsFeatures' is not assignable to parameter of type '{ [x: string]: unknown; }'.
  Index signature for type 'string' is missing in type 'LeadsFeatures'.
app/admin/tools/_components/tool-form.tsx(908,20): error TS2352: Conversion of type '{ [x: string]: unknown; }' to type 'EnrichmentFeatures' may be a mistake because neither type sufficiently overlaps with the other. If this was intentional, convert the expression to 'unknown' first.
  Type '{ [x: string]: unknown; }' is missing the following properties from type 'EnrichmentFeatures': enrichmentType, dataPointsAvailable, emailEnrichment, phoneEnrichment, and 8 more.
app/admin/tools/_components/tool-form.tsx(909,68): error TS2345: Argument of type 'EnrichmentFeatures' is not assignable to parameter of type '{ [x: string]: unknown; }'.
  Index signature for type 'string' is missing in type 'EnrichmentFeatures'.
app/admin/tools/_components/tool-form.tsx(913,20): error TS2352: Conversion of type '{ [x: string]: unknown; }' to type 'CopywritingFeatures' may be a mistake because neither type sufficiently overlaps with the other. If this was intentional, convert the expression to 'unknown' first.
  Type '{ [x: string]: unknown; }' is missing the following properties from type 'CopywritingFeatures': aiEmailGeneration, personalizationDepth, researchAutomation, dataSourcesUsed, and 8 more.
app/admin/tools/_components/tool-form.tsx(914,69): error TS2345: Argument of type 'CopywritingFeatures' is not assignable to parameter of type '{ [x: string]: unknown; }'.
  Index signature for type 'string' is missing in type 'CopywritingFeatures'.
app/admin/tools/_components/tool-form.tsx(918,20): error TS2352: Conversion of type '{ [x: string]: unknown; }' to type 'OutreachFeatures' may be a mistake because neither type sufficiently overlaps with the other. If this was intentional, convert the expression to 'unknown' first.
  Type '{ [x: string]: unknown; }' is missing the following properties from type 'OutreachFeatures': outreachEmailSending, maxEmailsPerDay, maxEmailsPerMonth, unlimitedSending, and 14 more.
app/admin/tools/_components/tool-form.tsx(919,66): error TS2345: Argument of type 'OutreachFeatures' is not assignable to parameter of type '{ [x: string]: unknown; }'.
  Index signature for type 'string' is missing in type 'OutreachFeatures'.
app/admin/tools/_components/tool-form.tsx(923,20): error TS2352: Conversion of type '{ [x: string]: unknown; }' to type 'DeliverabilityFeatures' may be a mistake because neither type sufficiently overlaps with the other. If this was intentional, convert the expression to 'unknown' first.
  Type '{ [x: string]: unknown; }' is missing the following properties from type 'DeliverabilityFeatures': inboxPlacementTesting, spamScoreTesting, blacklistMonitoring, domainReputationMonitoring, and 8 more.
app/admin/tools/_components/tool-form.tsx(924,72): error TS2345: Argument of type 'DeliverabilityFeatures' is not assignable to parameter of type '{ [x: string]: unknown; }'.
  Index signature for type 'string' is missing in type 'DeliverabilityFeatures'.
app/admin/tools/_components/tool-form.tsx(928,20): error TS2352: Conversion of type '{ [x: string]: unknown; }' to type 'LinkedInFeatures' may be a mistake because neither type sufficiently overlaps with the other. If this was intentional, convert the expression to 'unknown' first.
  Type '{ [x: string]: unknown; }' is missing the following properties from type 'LinkedInFeatures': linkedinConnectionMethod, multipleLinkedinAccounts, salesNavigatorSupport, autoConnectionRequests, and 8 more.
app/admin/tools/_components/tool-form.tsx(929,66): error TS2345: Argument of type 'LinkedInFeatures' is not assignable to parameter of type '{ [x: string]: unknown; }'.
  Index signature for type 'string' is missing in type 'LinkedInFeatures'.
app/admin/tools/_components/tool-form.tsx(933,16): error TS2339: Property 'submitterEmail' does not exist on type '{ id: string; name: string; slug: string; description: string | null; websiteUrl: string; faviconUrl: string | null; discountCode: string | null; discountAmount: string | null; customTitle: string | null; ... 35 more ...; license: { ...; } | null; }'.
app/admin/tools/_components/tool-form.tsx(936,15): error TS2322: Type 'Control<{ name: string; websiteUrl: string; isFeatured: boolean; isSelfHosted: boolean; specifications: { [x: string]: unknown; }; pricingSpecs: { [x: string]: unknown; }; inboxFeatures: { [x: string]: unknown; }; warmupFeatures: { ...; }; ... 41 more ...; integrations?: string[] | undefined; }, any, TFieldValues>' is not assignable to type 'Control<{ name: string; websiteUrl: string; isFeatured: boolean; isSelfHosted: boolean; specifications: { [x: string]: unknown; }; pricingSpecs: { [x: string]: unknown; }; inboxFeatures: { [x: string]: unknown; }; warmupFeatures: { ...; }; ... 41 more ...; integrations?: string[] | undefined; }, any, { ...; }>'.
  The types of '_options.resolver' are incompatible between these types.
    Type 'Resolver<{ name: string; websiteUrl: string; isFeatured: boolean; isSelfHosted: boolean; specifications: { [x: string]: unknown; }; pricingSpecs: { [x: string]: unknown; }; inboxFeatures: { [x: string]: unknown; }; warmupFeatures: { ...; }; ... 41 more ...; integrations?: string[] | undefined; }, any, TFieldValues> ...' is not assignable to type 'Resolver<{ name: string; websiteUrl: string; isFeatured: boolean; isSelfHosted: boolean; specifications: { [x: string]: unknown; }; pricingSpecs: { [x: string]: unknown; }; inboxFeatures: { [x: string]: unknown; }; warmupFeatures: { ...; }; ... 41 more ...; integrations?: string[] | undefined; }, any, { ...; }> | un...'.
      Type 'Resolver<{ name: string; websiteUrl: string; isFeatured: boolean; isSelfHosted: boolean; specifications: { [x: string]: unknown; }; pricingSpecs: { [x: string]: unknown; }; inboxFeatures: { [x: string]: unknown; }; warmupFeatures: { ...; }; ... 41 more ...; integrations?: string[] | undefined; }, any, TFieldValues>' is not assignable to type 'Resolver<{ name: string; websiteUrl: string; isFeatured: boolean; isSelfHosted: boolean; specifications: { [x: string]: unknown; }; pricingSpecs: { [x: string]: unknown; }; inboxFeatures: { [x: string]: unknown; }; warmupFeatures: { ...; }; ... 41 more ...; integrations?: string[] | undefined; }, any, { ...; }>'.
        Type 'TFieldValues' is not assignable to type '{ name: string; websiteUrl: string; isFeatured: boolean; isSelfHosted: boolean; specifications: { [x: string]: unknown; }; pricingSpecs: { [x: string]: unknown; }; inboxFeatures: { [x: string]: unknown; }; warmupFeatures: { ...; }; ... 41 more ...; integrations?: string[] | undefined; }'.
          Type 'FieldValues' is missing the following properties from type '{ name: string; websiteUrl: string; isFeatured: boolean; isSelfHosted: boolean; specifications: { [x: string]: unknown; }; pricingSpecs: { [x: string]: unknown; }; inboxFeatures: { [x: string]: unknown; }; warmupFeatures: { ...; }; ... 41 more ...; integrations?: string[] | undefined; }': name, websiteUrl, isFeatured, isSelfHosted, and 12 more.
app/admin/tools/_components/tool-form.tsx(950,15): error TS2322: Type 'Control<{ name: string; websiteUrl: string; isFeatured: boolean; isSelfHosted: boolean; specifications: { [x: string]: unknown; }; pricingSpecs: { [x: string]: unknown; }; inboxFeatures: { [x: string]: unknown; }; warmupFeatures: { ...; }; ... 41 more ...; integrations?: string[] | undefined; }, any, TFieldValues>' is not assignable to type 'Control<{ name: string; websiteUrl: string; isFeatured: boolean; isSelfHosted: boolean; specifications: { [x: string]: unknown; }; pricingSpecs: { [x: string]: unknown; }; inboxFeatures: { [x: string]: unknown; }; warmupFeatures: { ...; }; ... 41 more ...; integrations?: string[] | undefined; }, any, { ...; }>'.
  The types of '_options.resolver' are incompatible between these types.
    Type 'Resolver<{ name: string; websiteUrl: string; isFeatured: boolean; isSelfHosted: boolean; specifications: { [x: string]: unknown; }; pricingSpecs: { [x: string]: unknown; }; inboxFeatures: { [x: string]: unknown; }; warmupFeatures: { ...; }; ... 41 more ...; integrations?: string[] | undefined; }, any, TFieldValues> ...' is not assignable to type 'Resolver<{ name: string; websiteUrl: string; isFeatured: boolean; isSelfHosted: boolean; specifications: { [x: string]: unknown; }; pricingSpecs: { [x: string]: unknown; }; inboxFeatures: { [x: string]: unknown; }; warmupFeatures: { ...; }; ... 41 more ...; integrations?: string[] | undefined; }, any, { ...; }> | un...'.
      Type 'Resolver<{ name: string; websiteUrl: string; isFeatured: boolean; isSelfHosted: boolean; specifications: { [x: string]: unknown; }; pricingSpecs: { [x: string]: unknown; }; inboxFeatures: { [x: string]: unknown; }; warmupFeatures: { ...; }; ... 41 more ...; integrations?: string[] | undefined; }, any, TFieldValues>' is not assignable to type 'Resolver<{ name: string; websiteUrl: string; isFeatured: boolean; isSelfHosted: boolean; specifications: { [x: string]: unknown; }; pricingSpecs: { [x: string]: unknown; }; inboxFeatures: { [x: string]: unknown; }; warmupFeatures: { ...; }; ... 41 more ...; integrations?: string[] | undefined; }, any, { ...; }>'.
        Type 'TFieldValues' is not assignable to type '{ name: string; websiteUrl: string; isFeatured: boolean; isSelfHosted: boolean; specifications: { [x: string]: unknown; }; pricingSpecs: { [x: string]: unknown; }; inboxFeatures: { [x: string]: unknown; }; warmupFeatures: { ...; }; ... 41 more ...; integrations?: string[] | undefined; }'.
          Type 'FieldValues' is missing the following properties from type '{ name: string; websiteUrl: string; isFeatured: boolean; isSelfHosted: boolean; specifications: { [x: string]: unknown; }; pricingSpecs: { [x: string]: unknown; }; inboxFeatures: { [x: string]: unknown; }; warmupFeatures: { ...; }; ... 41 more ...; integrations?: string[] | undefined; }': name, websiteUrl, isFeatured, isSelfHosted, and 12 more.
app/admin/tools/_components/tool-form.tsx(964,15): error TS2322: Type 'Control<{ name: string; websiteUrl: string; isFeatured: boolean; isSelfHosted: boolean; specifications: { [x: string]: unknown; }; pricingSpecs: { [x: string]: unknown; }; inboxFeatures: { [x: string]: unknown; }; warmupFeatures: { ...; }; ... 41 more ...; integrations?: string[] | undefined; }, any, TFieldValues>' is not assignable to type 'Control<{ name: string; websiteUrl: string; isFeatured: boolean; isSelfHosted: boolean; specifications: { [x: string]: unknown; }; pricingSpecs: { [x: string]: unknown; }; inboxFeatures: { [x: string]: unknown; }; warmupFeatures: { ...; }; ... 41 more ...; integrations?: string[] | undefined; }, any, { ...; }>'.
  The types of '_options.resolver' are incompatible between these types.
    Type 'Resolver<{ name: string; websiteUrl: string; isFeatured: boolean; isSelfHosted: boolean; specifications: { [x: string]: unknown; }; pricingSpecs: { [x: string]: unknown; }; inboxFeatures: { [x: string]: unknown; }; warmupFeatures: { ...; }; ... 41 more ...; integrations?: string[] | undefined; }, any, TFieldValues> ...' is not assignable to type 'Resolver<{ name: string; websiteUrl: string; isFeatured: boolean; isSelfHosted: boolean; specifications: { [x: string]: unknown; }; pricingSpecs: { [x: string]: unknown; }; inboxFeatures: { [x: string]: unknown; }; warmupFeatures: { ...; }; ... 41 more ...; integrations?: string[] | undefined; }, any, { ...; }> | un...'.
      Type 'Resolver<{ name: string; websiteUrl: string; isFeatured: boolean; isSelfHosted: boolean; specifications: { [x: string]: unknown; }; pricingSpecs: { [x: string]: unknown; }; inboxFeatures: { [x: string]: unknown; }; warmupFeatures: { ...; }; ... 41 more ...; integrations?: string[] | undefined; }, any, TFieldValues>' is not assignable to type 'Resolver<{ name: string; websiteUrl: string; isFeatured: boolean; isSelfHosted: boolean; specifications: { [x: string]: unknown; }; pricingSpecs: { [x: string]: unknown; }; inboxFeatures: { [x: string]: unknown; }; warmupFeatures: { ...; }; ... 41 more ...; integrations?: string[] | undefined; }, any, { ...; }>'.
        Type 'TFieldValues' is not assignable to type '{ name: string; websiteUrl: string; isFeatured: boolean; isSelfHosted: boolean; specifications: { [x: string]: unknown; }; pricingSpecs: { [x: string]: unknown; }; inboxFeatures: { [x: string]: unknown; }; warmupFeatures: { ...; }; ... 41 more ...; integrations?: string[] | undefined; }'.
          Type 'FieldValues' is missing the following properties from type '{ name: string; websiteUrl: string; isFeatured: boolean; isSelfHosted: boolean; specifications: { [x: string]: unknown; }; pricingSpecs: { [x: string]: unknown; }; inboxFeatures: { [x: string]: unknown; }; warmupFeatures: { ...; }; ... 41 more ...; integrations?: string[] | undefined; }': name, websiteUrl, isFeatured, isSelfHosted, and 12 more.
app/admin/tools/_components/tool-form.tsx(980,11): error TS2322: Type 'Control<{ name: string; websiteUrl: string; isFeatured: boolean; isSelfHosted: boolean; specifications: { [x: string]: unknown; }; pricingSpecs: { [x: string]: unknown; }; inboxFeatures: { [x: string]: unknown; }; warmupFeatures: { ...; }; ... 41 more ...; integrations?: string[] | undefined; }, any, TFieldValues>' is not assignable to type 'Control<{ name: string; websiteUrl: string; isFeatured: boolean; isSelfHosted: boolean; specifications: { [x: string]: unknown; }; pricingSpecs: { [x: string]: unknown; }; inboxFeatures: { [x: string]: unknown; }; warmupFeatures: { ...; }; ... 41 more ...; integrations?: string[] | undefined; }, any, { ...; }>'.
  The types of '_options.resolver' are incompatible between these types.
    Type 'Resolver<{ name: string; websiteUrl: string; isFeatured: boolean; isSelfHosted: boolean; specifications: { [x: string]: unknown; }; pricingSpecs: { [x: string]: unknown; }; inboxFeatures: { [x: string]: unknown; }; warmupFeatures: { ...; }; ... 41 more ...; integrations?: string[] | undefined; }, any, TFieldValues> ...' is not assignable to type 'Resolver<{ name: string; websiteUrl: string; isFeatured: boolean; isSelfHosted: boolean; specifications: { [x: string]: unknown; }; pricingSpecs: { [x: string]: unknown; }; inboxFeatures: { [x: string]: unknown; }; warmupFeatures: { ...; }; ... 41 more ...; integrations?: string[] | undefined; }, any, { ...; }> | un...'.
      Type 'Resolver<{ name: string; websiteUrl: string; isFeatured: boolean; isSelfHosted: boolean; specifications: { [x: string]: unknown; }; pricingSpecs: { [x: string]: unknown; }; inboxFeatures: { [x: string]: unknown; }; warmupFeatures: { ...; }; ... 41 more ...; integrations?: string[] | undefined; }, any, TFieldValues>' is not assignable to type 'Resolver<{ name: string; websiteUrl: string; isFeatured: boolean; isSelfHosted: boolean; specifications: { [x: string]: unknown; }; pricingSpecs: { [x: string]: unknown; }; inboxFeatures: { [x: string]: unknown; }; warmupFeatures: { ...; }; ... 41 more ...; integrations?: string[] | undefined; }, any, { ...; }>'.
        Type 'TFieldValues' is not assignable to type '{ name: string; websiteUrl: string; isFeatured: boolean; isSelfHosted: boolean; specifications: { [x: string]: unknown; }; pricingSpecs: { [x: string]: unknown; }; inboxFeatures: { [x: string]: unknown; }; warmupFeatures: { ...; }; ... 41 more ...; integrations?: string[] | undefined; }'.
          Type 'FieldValues' is missing the following properties from type '{ name: string; websiteUrl: string; isFeatured: boolean; isSelfHosted: boolean; specifications: { [x: string]: unknown; }; pricingSpecs: { [x: string]: unknown; }; inboxFeatures: { [x: string]: unknown; }; warmupFeatures: { ...; }; ... 41 more ...; integrations?: string[] | undefined; }': name, websiteUrl, isFeatured, isSelfHosted, and 12 more.
app/admin/tools/_components/tool-form.tsx(1030,11): error TS2322: Type 'Control<{ name: string; websiteUrl: string; isFeatured: boolean; isSelfHosted: boolean; specifications: { [x: string]: unknown; }; pricingSpecs: { [x: string]: unknown; }; inboxFeatures: { [x: string]: unknown; }; warmupFeatures: { ...; }; ... 41 more ...; integrations?: string[] | undefined; }, any, TFieldValues>' is not assignable to type 'Control<{ name: string; websiteUrl: string; isFeatured: boolean; isSelfHosted: boolean; specifications: { [x: string]: unknown; }; pricingSpecs: { [x: string]: unknown; }; inboxFeatures: { [x: string]: unknown; }; warmupFeatures: { ...; }; ... 41 more ...; integrations?: string[] | undefined; }, any, { ...; }>'.
  The types of '_options.resolver' are incompatible between these types.
    Type 'Resolver<{ name: string; websiteUrl: string; isFeatured: boolean; isSelfHosted: boolean; specifications: { [x: string]: unknown; }; pricingSpecs: { [x: string]: unknown; }; inboxFeatures: { [x: string]: unknown; }; warmupFeatures: { ...; }; ... 41 more ...; integrations?: string[] | undefined; }, any, TFieldValues> ...' is not assignable to type 'Resolver<{ name: string; websiteUrl: string; isFeatured: boolean; isSelfHosted: boolean; specifications: { [x: string]: unknown; }; pricingSpecs: { [x: string]: unknown; }; inboxFeatures: { [x: string]: unknown; }; warmupFeatures: { ...; }; ... 41 more ...; integrations?: string[] | undefined; }, any, { ...; }> | un...'.
      Type 'Resolver<{ name: string; websiteUrl: string; isFeatured: boolean; isSelfHosted: boolean; specifications: { [x: string]: unknown; }; pricingSpecs: { [x: string]: unknown; }; inboxFeatures: { [x: string]: unknown; }; warmupFeatures: { ...; }; ... 41 more ...; integrations?: string[] | undefined; }, any, TFieldValues>' is not assignable to type 'Resolver<{ name: string; websiteUrl: string; isFeatured: boolean; isSelfHosted: boolean; specifications: { [x: string]: unknown; }; pricingSpecs: { [x: string]: unknown; }; inboxFeatures: { [x: string]: unknown; }; warmupFeatures: { ...; }; ... 41 more ...; integrations?: string[] | undefined; }, any, { ...; }>'.
        Type 'TFieldValues' is not assignable to type '{ name: string; websiteUrl: string; isFeatured: boolean; isSelfHosted: boolean; specifications: { [x: string]: unknown; }; pricingSpecs: { [x: string]: unknown; }; inboxFeatures: { [x: string]: unknown; }; warmupFeatures: { ...; }; ... 41 more ...; integrations?: string[] | undefined; }'.
          Type 'FieldValues' is missing the following properties from type '{ name: string; websiteUrl: string; isFeatured: boolean; isSelfHosted: boolean; specifications: { [x: string]: unknown; }; pricingSpecs: { [x: string]: unknown; }; inboxFeatures: { [x: string]: unknown; }; warmupFeatures: { ...; }; ... 41 more ...; integrations?: string[] | undefined; }': name, websiteUrl, isFeatured, isSelfHosted, and 12 more.
app/admin/tools/_components/tool-form.tsx(1080,11): error TS2322: Type 'Control<{ name: string; websiteUrl: string; isFeatured: boolean; isSelfHosted: boolean; specifications: { [x: string]: unknown; }; pricingSpecs: { [x: string]: unknown; }; inboxFeatures: { [x: string]: unknown; }; warmupFeatures: { ...; }; ... 41 more ...; integrations?: string[] | undefined; }, any, TFieldValues>' is not assignable to type 'Control<{ name: string; websiteUrl: string; isFeatured: boolean; isSelfHosted: boolean; specifications: { [x: string]: unknown; }; pricingSpecs: { [x: string]: unknown; }; inboxFeatures: { [x: string]: unknown; }; warmupFeatures: { ...; }; ... 41 more ...; integrations?: string[] | undefined; }, any, { ...; }>'.
  The types of '_options.resolver' are incompatible between these types.
    Type 'Resolver<{ name: string; websiteUrl: string; isFeatured: boolean; isSelfHosted: boolean; specifications: { [x: string]: unknown; }; pricingSpecs: { [x: string]: unknown; }; inboxFeatures: { [x: string]: unknown; }; warmupFeatures: { ...; }; ... 41 more ...; integrations?: string[] | undefined; }, any, TFieldValues> ...' is not assignable to type 'Resolver<{ name: string; websiteUrl: string; isFeatured: boolean; isSelfHosted: boolean; specifications: { [x: string]: unknown; }; pricingSpecs: { [x: string]: unknown; }; inboxFeatures: { [x: string]: unknown; }; warmupFeatures: { ...; }; ... 41 more ...; integrations?: string[] | undefined; }, any, { ...; }> | un...'.
      Type 'Resolver<{ name: string; websiteUrl: string; isFeatured: boolean; isSelfHosted: boolean; specifications: { [x: string]: unknown; }; pricingSpecs: { [x: string]: unknown; }; inboxFeatures: { [x: string]: unknown; }; warmupFeatures: { ...; }; ... 41 more ...; integrations?: string[] | undefined; }, any, TFieldValues>' is not assignable to type 'Resolver<{ name: string; websiteUrl: string; isFeatured: boolean; isSelfHosted: boolean; specifications: { [x: string]: unknown; }; pricingSpecs: { [x: string]: unknown; }; inboxFeatures: { [x: string]: unknown; }; warmupFeatures: { ...; }; ... 41 more ...; integrations?: string[] | undefined; }, any, { ...; }>'.
        Type 'TFieldValues' is not assignable to type '{ name: string; websiteUrl: string; isFeatured: boolean; isSelfHosted: boolean; specifications: { [x: string]: unknown; }; pricingSpecs: { [x: string]: unknown; }; inboxFeatures: { [x: string]: unknown; }; warmupFeatures: { ...; }; ... 41 more ...; integrations?: string[] | undefined; }'.
          Type 'FieldValues' is missing the following properties from type '{ name: string; websiteUrl: string; isFeatured: boolean; isSelfHosted: boolean; specifications: { [x: string]: unknown; }; pricingSpecs: { [x: string]: unknown; }; inboxFeatures: { [x: string]: unknown; }; warmupFeatures: { ...; }; ... 41 more ...; integrations?: string[] | undefined; }': name, websiteUrl, isFeatured, isSelfHosted, and 12 more.
app/admin/tools/_components/tool-form.tsx(1108,11): error TS2322: Type 'Control<{ name: string; websiteUrl: string; isFeatured: boolean; isSelfHosted: boolean; specifications: { [x: string]: unknown; }; pricingSpecs: { [x: string]: unknown; }; inboxFeatures: { [x: string]: unknown; }; warmupFeatures: { ...; }; ... 41 more ...; integrations?: string[] | undefined; }, any, TFieldValues>' is not assignable to type 'Control<{ name: string; websiteUrl: string; isFeatured: boolean; isSelfHosted: boolean; specifications: { [x: string]: unknown; }; pricingSpecs: { [x: string]: unknown; }; inboxFeatures: { [x: string]: unknown; }; warmupFeatures: { ...; }; ... 41 more ...; integrations?: string[] | undefined; }, any, { ...; }>'.
  The types of '_options.resolver' are incompatible between these types.
    Type 'Resolver<{ name: string; websiteUrl: string; isFeatured: boolean; isSelfHosted: boolean; specifications: { [x: string]: unknown; }; pricingSpecs: { [x: string]: unknown; }; inboxFeatures: { [x: string]: unknown; }; warmupFeatures: { ...; }; ... 41 more ...; integrations?: string[] | undefined; }, any, TFieldValues> ...' is not assignable to type 'Resolver<{ name: string; websiteUrl: string; isFeatured: boolean; isSelfHosted: boolean; specifications: { [x: string]: unknown; }; pricingSpecs: { [x: string]: unknown; }; inboxFeatures: { [x: string]: unknown; }; warmupFeatures: { ...; }; ... 41 more ...; integrations?: string[] | undefined; }, any, { ...; }> | un...'.
      Type 'Resolver<{ name: string; websiteUrl: string; isFeatured: boolean; isSelfHosted: boolean; specifications: { [x: string]: unknown; }; pricingSpecs: { [x: string]: unknown; }; inboxFeatures: { [x: string]: unknown; }; warmupFeatures: { ...; }; ... 41 more ...; integrations?: string[] | undefined; }, any, TFieldValues>' is not assignable to type 'Resolver<{ name: string; websiteUrl: string; isFeatured: boolean; isSelfHosted: boolean; specifications: { [x: string]: unknown; }; pricingSpecs: { [x: string]: unknown; }; inboxFeatures: { [x: string]: unknown; }; warmupFeatures: { ...; }; ... 41 more ...; integrations?: string[] | undefined; }, any, { ...; }>'.
        Type 'TFieldValues' is not assignable to type '{ name: string; websiteUrl: string; isFeatured: boolean; isSelfHosted: boolean; specifications: { [x: string]: unknown; }; pricingSpecs: { [x: string]: unknown; }; inboxFeatures: { [x: string]: unknown; }; warmupFeatures: { ...; }; ... 41 more ...; integrations?: string[] | undefined; }'.
          Type 'FieldValues' is missing the following properties from type '{ name: string; websiteUrl: string; isFeatured: boolean; isSelfHosted: boolean; specifications: { [x: string]: unknown; }; pricingSpecs: { [x: string]: unknown; }; inboxFeatures: { [x: string]: unknown; }; warmupFeatures: { ...; }; ... 41 more ...; integrations?: string[] | undefined; }': name, websiteUrl, isFeatured, isSelfHosted, and 12 more.
app/admin/tools/_components/tool-form.tsx(1154,11): error TS2322: Type 'Control<{ name: string; websiteUrl: string; isFeatured: boolean; isSelfHosted: boolean; specifications: { [x: string]: unknown; }; pricingSpecs: { [x: string]: unknown; }; inboxFeatures: { [x: string]: unknown; }; warmupFeatures: { ...; }; ... 41 more ...; integrations?: string[] | undefined; }, any, TFieldValues>' is not assignable to type 'Control<{ name: string; websiteUrl: string; isFeatured: boolean; isSelfHosted: boolean; specifications: { [x: string]: unknown; }; pricingSpecs: { [x: string]: unknown; }; inboxFeatures: { [x: string]: unknown; }; warmupFeatures: { ...; }; ... 41 more ...; integrations?: string[] | undefined; }, any, { ...; }>'.
  The types of '_options.resolver' are incompatible between these types.
    Type 'Resolver<{ name: string; websiteUrl: string; isFeatured: boolean; isSelfHosted: boolean; specifications: { [x: string]: unknown; }; pricingSpecs: { [x: string]: unknown; }; inboxFeatures: { [x: string]: unknown; }; warmupFeatures: { ...; }; ... 41 more ...; integrations?: string[] | undefined; }, any, TFieldValues> ...' is not assignable to type 'Resolver<{ name: string; websiteUrl: string; isFeatured: boolean; isSelfHosted: boolean; specifications: { [x: string]: unknown; }; pricingSpecs: { [x: string]: unknown; }; inboxFeatures: { [x: string]: unknown; }; warmupFeatures: { ...; }; ... 41 more ...; integrations?: string[] | undefined; }, any, { ...; }> | un...'.
      Type 'Resolver<{ name: string; websiteUrl: string; isFeatured: boolean; isSelfHosted: boolean; specifications: { [x: string]: unknown; }; pricingSpecs: { [x: string]: unknown; }; inboxFeatures: { [x: string]: unknown; }; warmupFeatures: { ...; }; ... 41 more ...; integrations?: string[] | undefined; }, any, TFieldValues>' is not assignable to type 'Resolver<{ name: string; websiteUrl: string; isFeatured: boolean; isSelfHosted: boolean; specifications: { [x: string]: unknown; }; pricingSpecs: { [x: string]: unknown; }; inboxFeatures: { [x: string]: unknown; }; warmupFeatures: { ...; }; ... 41 more ...; integrations?: string[] | undefined; }, any, { ...; }>'.
        Type 'TFieldValues' is not assignable to type '{ name: string; websiteUrl: string; isFeatured: boolean; isSelfHosted: boolean; specifications: { [x: string]: unknown; }; pricingSpecs: { [x: string]: unknown; }; inboxFeatures: { [x: string]: unknown; }; warmupFeatures: { ...; }; ... 41 more ...; integrations?: string[] | undefined; }'.
          Type 'FieldValues' is missing the following properties from type '{ name: string; websiteUrl: string; isFeatured: boolean; isSelfHosted: boolean; specifications: { [x: string]: unknown; }; pricingSpecs: { [x: string]: unknown; }; inboxFeatures: { [x: string]: unknown; }; warmupFeatures: { ...; }; ... 41 more ...; integrations?: string[] | undefined; }': name, websiteUrl, isFeatured, isSelfHosted, and 12 more.
app/admin/tools/_components/tool-form.tsx(1187,13): error TS2322: Type '{ id: string; name: string; slug: string; description: string | null; websiteUrl: string; faviconUrl: string | null; discountCode: string | null; discountAmount: string | null; customTitle: string | null; ... 35 more ...; license: { ...; } | null; } | undefined' is not assignable to type '({ alternatives: { id: string; name: string; slug: string; description: string | null; websiteUrl: string; faviconUrl: string | null; discountCode: string | null; discountAmount: string | null; ... 5 more ...; adId: string | null; }[]; categories: { ...; }[]; integrations: { ...; }[]; } & { ...; }) | undefined'.
  Type '{ id: string; name: string; slug: string; description: string | null; websiteUrl: string; faviconUrl: string | null; discountCode: string | null; discountAmount: string | null; customTitle: string | null; ... 35 more ...; license: { ...; } | null; }' is not assignable to type '{ alternatives: { id: string; name: string; slug: string; description: string | null; websiteUrl: string; faviconUrl: string | null; discountCode: string | null; discountAmount: string | null; ... 5 more ...; adId: string | null; }[]; categories: { ...; }[]; integrations: { ...; }[]; } & { ...; }'.
    Type '{ id: string; name: string; slug: string; description: string | null; websiteUrl: string; faviconUrl: string | null; discountCode: string | null; discountAmount: string | null; customTitle: string | null; ... 35 more ...; license: { ...; } | null; }' is not assignable to type '{ alternatives: { id: string; name: string; slug: string; description: string | null; websiteUrl: string; faviconUrl: string | null; discountCode: string | null; discountAmount: string | null; ... 5 more ...; adId: string | null; }[]; categories: { ...; }[]; integrations: { ...; }[]; }'.
      Types of property 'alternatives' are incompatible.
        Type '{ id: string; name: string; slug: string; description: string | null; faviconUrl: string | null; adPrice: number | null; _count: { tools: number; }; }[]' is not assignable to type '{ id: string; name: string; slug: string; description: string | null; websiteUrl: string; faviconUrl: string | null; discountCode: string | null; discountAmount: string | null; pageviews: number | null; ... 4 more ...; adId: string | null; }[]'.
          Type '{ id: string; name: string; slug: string; description: string | null; faviconUrl: string | null; adPrice: number | null; _count: { tools: number; }; }' is missing the following properties from type '{ id: string; name: string; slug: string; description: string | null; websiteUrl: string; faviconUrl: string | null; discountCode: string | null; discountAmount: string | null; pageviews: number | null; ... 4 more ...; adId: string | null; }': websiteUrl, discountCode, discountAmount, pageviews, and 4 more.
app/admin/tools/_components/tool-generate-content.tsx(34,34): error TS2339: Property 'tagline' does not exist on type '{}'.
app/admin/tools/_components/tool-generate-content.tsx(35,38): error TS2339: Property 'description' does not exist on type '{}'.
app/admin/tools/_components/tool-generate-content.tsx(36,34): error TS2339: Property 'content' does not exist on type '{}'.
app/api/reviews/create/route.ts(102,5): error TS2554: Expected 2 arguments, but got 1.
components/admin/sidebar.tsx(73,25): error TS2322: Type '"lucide/file-text"' is not assignable to type '"lucide/arrow-down" | "lucide/arrow-left" | "lucide/arrow-right" | "lucide/arrow-up-right" | "lucide/arrow-up" | "lucide/at-sign" | "lucide/badge-check" | "lucide/ban" | ... 69 more ... | "verified-badge"'.
components/common/search.tsx(241,33): error TS2339: Property 'name' does not exist on type '{ slug: string; }'.
components/common/search.tsx(241,39): error TS2339: Property 'faviconUrl' does not exist on type '{ slug: string; }'.
components/common/search.tsx(241,51): error TS2339: Property 'websiteUrl' does not exist on type '{ slug: string; }'.
components/common/search.tsx(255,33): error TS2339: Property 'name' does not exist on type '{ slug: string; }'.
components/common/search.tsx(255,39): error TS2339: Property 'faviconUrl' does not exist on type '{ slug: string; }'.
components/common/search.tsx(267,29): error TS2339: Property 'fullPath' does not exist on type '{ slug: string; }'.
components/common/search.tsx(270,33): error TS2339: Property 'name' does not exist on type '{ slug: string; }'.
components/common/search.tsx(276,34): error TS7006: Parameter 'acc' implicitly has an 'any' type.
components/common/search.tsx(276,39): error TS7006: Parameter 'curr' implicitly has an 'any' type.
components/common/search.tsx(277,36): error TS7006: Parameter 'r' implicitly has an 'any' type.
functions/cron.analyze-tools.ts(54,7): error TS2554: Expected 2 arguments, but got 1.
functions/cron.analyze-tools.ts(55,7): error TS2554: Expected 2 arguments, but got 1.
functions/cron.fetch-data.ts(133,7): error TS2554: Expected 2 arguments, but got 1.
functions/cron.fetch-data.ts(134,7): error TS2554: Expected 2 arguments, but got 1.
functions/cron.fetch-data.ts(135,7): error TS2554: Expected 2 arguments, but got 1.
functions/cron.publish-tools.ts(39,13): error TS2554: Expected 2 arguments, but got 1.
functions/cron.publish-tools.ts(61,9): error TS2554: Expected 2 arguments, but got 1.
functions/cron.publish-tools.ts(62,9): error TS2554: Expected 2 arguments, but got 1.
scripts/setup-dodo-webhook.ts(80,17): error TS2322: Type 'string[]' is not assignable to type 'WebhookEventType[]'.
  Type 'string' is not assignable to type 'WebhookEventType'.
scripts/setup-dodo-webhook.ts(90,17): error TS2322: Type 'string[]' is not assignable to type 'WebhookEventType[]'.
  Type 'string' is not assignable to type 'WebhookEventType'.
server/admin/alternatives/actions.ts(17,32): error TS7006: Parameter 'id' implicitly has an 'any' type.
server/admin/alternatives/actions.ts(36,5): error TS2554: Expected 2 arguments, but got 1.
server/admin/alternatives/actions.ts(37,5): error TS2554: Expected 2 arguments, but got 1.
server/admin/alternatives/actions.ts(38,5): error TS2554: Expected 2 arguments, but got 1.
server/admin/alternatives/actions.ts(62,5): error TS2554: Expected 2 arguments, but got 1.
server/admin/alternatives/actions.ts(63,5): error TS2554: Expected 2 arguments, but got 1.
server/admin/blog/actions.ts(135,52): error TS7006: Parameter 't' implicitly has an 'any' type.
server/admin/blog/actions.ts(173,52): error TS7006: Parameter 't' implicitly has an 'any' type.
server/admin/categories/actions.ts(16,32): error TS7006: Parameter 'id' implicitly has an 'any' type.
server/admin/categories/actions.ts(49,7): error TS2554: Expected 2 arguments, but got 1.
server/admin/categories/actions.ts(50,7): error TS2554: Expected 2 arguments, but got 1.
server/admin/categories/actions.ts(70,5): error TS2554: Expected 2 arguments, but got 1.
server/admin/categories/actions.ts(84,5): error TS2554: Expected 2 arguments, but got 1.
server/admin/integrations/actions.ts(14,32): error TS7006: Parameter 'id' implicitly has an 'any' type.
server/admin/integrations/actions.ts(32,5): error TS2554: Expected 2 arguments, but got 1.
server/admin/integrations/actions.ts(33,5): error TS2554: Expected 2 arguments, but got 1.
server/admin/integrations/actions.ts(47,5): error TS2554: Expected 2 arguments, but got 1.
server/admin/integrations/schema.ts(29,47): error TS2769: No overload matches this call.
  Overload 1 of 2, '(def: "Verification" | "CRM" | "Automation" | "Leads" | "DataSource" | "Inbox" | "Warmup" | "Analytics" | "Enrichment" | "Calendar" | "Messaging" | "Webhook"): ZodDefault<ZodEnum<{ CRM: "CRM"; ... 10 more ...; Webhook: "Webhook"; }>>', gave the following error.
    Argument of type '"Language"' is not assignable to parameter of type '"Verification" | "CRM" | "Automation" | "Leads" | "DataSource" | "Inbox" | "Warmup" | "Analytics" | "Enrichment" | "Calendar" | "Messaging" | "Webhook"'.
  Overload 2 of 2, '(def: () => "Verification" | "CRM" | "Automation" | "Leads" | "DataSource" | "Inbox" | "Warmup" | "Analytics" | "Enrichment" | "Calendar" | "Messaging" | "Webhook"): ZodDefault<ZodEnum<{ CRM: "CRM"; ... 10 more ...; Webhook: "Webhook"; }>>', gave the following error.
    Argument of type 'string' is not assignable to parameter of type '() => "Verification" | "CRM" | "Automation" | "Leads" | "DataSource" | "Inbox" | "Warmup" | "Analytics" | "Enrichment" | "Calendar" | "Messaging" | "Webhook"'.
server/admin/reports/actions.ts(37,41): error TS7006: Parameter 'id' implicitly has an 'any' type.
server/admin/reviews/actions.ts(78,13): error TS2554: Expected 2 arguments, but got 1.
server/admin/tools/actions.ts(40,5): error TS2554: Expected 2 arguments, but got 1.
server/admin/tools/actions.ts(72,38): error TS7006: Parameter 'id' implicitly has an 'any' type.
server/admin/tools/actions.ts(75,36): error TS7006: Parameter 'id' implicitly has an 'any' type.
server/admin/tools/actions.ts(78,38): error TS7006: Parameter 'id' implicitly has an 'any' type.
server/admin/tools/actions.ts(84,34): error TS7006: Parameter 'id' implicitly has an 'any' type.
server/admin/tools/actions.ts(87,32): error TS7006: Parameter 'id' implicitly has an 'any' type.
server/admin/tools/actions.ts(90,34): error TS7006: Parameter 'id' implicitly has an 'any' type.
server/admin/tools/actions.ts(116,5): error TS2554: Expected 2 arguments, but got 1.
server/admin/tools/actions.ts(151,60): error TS2345: Argument of type 'string | null' is not assignable to parameter of type 'string'.
  Type 'null' is not assignable to type 'string'.
server/admin/tools/actions.ts(160,5): error TS2554: Expected 2 arguments, but got 1.
server/admin/users/actions.ts(37,41): error TS7006: Parameter 'id' implicitly has an 'any' type.
services/indexnow.ts(10,13): error TS2339: Property 'ENABLE_INDEXNOW' does not exist on type 'Readonly<{ VERCEL_URL?: string | undefined; HOME?: string | undefined; S3_ENDPOINT?: string | undefined; S3_PUBLIC_URL?: string | undefined; TWITTER_API_KEY?: string | undefined; TWITTER_API_SECRET?: string | undefined; ... 43 more ...; NEXT_PUBLIC_POSTHOG_API_KEY: string; }>'.
